Archive member included to satisfy reference by file (symbol)

/opt/devkitpro/libnx/lib/libnx.a(event.o)
                              commands.o (eventWait)
/opt/devkitpro/libnx/lib/libnx.a(mutex.o)
                              main.o (mutexLock)
/opt/devkitpro/libnx/lib/libnx.a(thread.o)
                              main.o (threadCreate)
/opt/devkitpro/libnx/lib/libnx.a(virtmem.o)
                              /opt/devkitpro/libnx/lib/libnx.a(thread.o) (virtmemLock)
/opt/devkitpro/libnx/lib/libnx.a(wait.o)
                              /opt/devkitpro/libnx/lib/libnx.a(event.o) (waitObjects)
/opt/devkitpro/libnx/lib/libnx.a(audout.o)
                              main.o (audoutExit)
/opt/devkitpro/libnx/lib/libnx.a(capssc.o)
                              main.o (capsscInitialize)
/opt/devkitpro/libnx/lib/libnx.a(fatal.o)
                              commands.o (fatalThrow)
/opt/devkitpro/libnx/lib/libnx.a(hiddbg.o)
                              commands.o (hiddbgInitialize)
/opt/devkitpro/libnx/lib/libnx.a(hidsys.o)
                              util.o (hidsysInitialize)
/opt/devkitpro/libnx/lib/libnx.a(lbl.o)
                              main.o (lblInitialize)
/opt/devkitpro/libnx/lib/libnx.a(ldr.o)
                              main.o (ldrDmntInitialize)
/opt/devkitpro/libnx/lib/libnx.a(ns.o)
                              commands.o (nsInitialize)
/opt/devkitpro/libnx/lib/libnx.a(pm.o)
                              main.o (pmdmntInitialize)
/opt/devkitpro/libnx/lib/libnx.a(psm.o)
                              main.o (psmInitialize)
/opt/devkitpro/libnx/lib/libnx.a(set.o)
                              main.o (setInitialize)
/opt/devkitpro/libnx/lib/libnx.a(sm.o)
                              main.o (smInitialize)
/opt/devkitpro/libnx/lib/libnx.a(vi.o)
                              main.o (viInitialize)
/opt/devkitpro/libnx/lib/libnx.a(alloc.o)
                              /opt/devkitpro/libnx/lib/libnx.a(virtmem.o) (__libnx_alloc)
/opt/devkitpro/libnx/lib/libnx.a(diag.o)
                              /opt/devkitpro/libnx/lib/libnx.a(thread.o) (diagAbortWithResult)
/opt/devkitpro/libnx/lib/libnx.a(env.o)
                              /opt/devkitpro/libnx/lib/libnx.a(thread.o) (envGetMainThreadHandle)
/opt/devkitpro/libnx/lib/libnx.a(hosversion.o)
                              main.o (hosversionGet)
/opt/devkitpro/libnx/lib/libnx.a(nacp.o)
                              main.o (nacpGetLanguageEntry)
/opt/devkitpro/libnx/lib/libnx.a(socket.o)
                              main.o (socketExit)
/opt/devkitpro/libnx/lib/libnx.a(svc.o)
                              /opt/devkitpro/libnx/lib/libnx.a(thread.o) (svcMapMemory)
/opt/devkitpro/libnx/lib/libnx.a(readtp.o)
                              /opt/devkitpro/libnx/lib/libnx.a(socket.o) (__aarch64_read_tp)
/opt/devkitpro/libnx/lib/libnx.a(switch_crt0.o)
                              (_start)
/opt/devkitpro/libnx/lib/libnx.a(random.o)
                              /opt/devkitpro/libnx/lib/libnx.a(virtmem.o) (randomGet64)
/opt/devkitpro/libnx/lib/libnx.a(tmem.o)
                              /opt/devkitpro/libnx/lib/libnx.a(hiddbg.o) (tmemCreate)
/opt/devkitpro/libnx/lib/libnx.a(applet.o)
                              /opt/devkitpro/libnx/lib/libnx.a(vi.o) (appletCreateManagedDisplayLayer)
/opt/devkitpro/libnx/lib/libnx.a(bsd.o)
                              /opt/devkitpro/libnx/lib/libnx.a(socket.o) (g_bsdResult)
/opt/devkitpro/libnx/lib/libnx.a(nifm.o)
                              /opt/devkitpro/libnx/lib/libnx.a(ns.o) (nifmGetClientId)
/opt/devkitpro/libnx/lib/libnx.a(ssl.o)
                              /opt/devkitpro/libnx/lib/libnx.a(socket.o) (sslConnectionSetSocketDescriptor)
/opt/devkitpro/libnx/lib/libnx.a(argv.o)
                              /opt/devkitpro/libnx/lib/libnx.a(switch_crt0.o) (__system_argc)
/opt/devkitpro/libnx/lib/libnx.a(dynamic.o)
                              /opt/devkitpro/libnx/lib/libnx.a(switch_crt0.o) (__nx_dynamic)
/opt/devkitpro/libnx/lib/libnx.a(init.o)
                              /opt/devkitpro/libnx/lib/libnx.a(switch_crt0.o) (__libnx_init)
/opt/devkitpro/libnx/lib/libnx.a(newlib.o)
                              /opt/devkitpro/libnx/lib/libnx.a(init.o) (__libnx_init_time)
/opt/devkitpro/libnx/lib/libnx.a(nxlink.o)
                              /opt/devkitpro/libnx/lib/libnx.a(argv.o) (nxlinkSetup)
/opt/devkitpro/libnx/lib/libnx.a(convert_errno.o)
                              /opt/devkitpro/libnx/lib/libnx.a(socket.o) (_convert_errno)
/opt/devkitpro/libnx/lib/libnx.a(fs_dev.o)
                              /opt/devkitpro/libnx/lib/libnx.a(init.o) (fsdevMountSdmc)
/opt/devkitpro/libnx/lib/libnx.a(path_buf.o)
                              /opt/devkitpro/libnx/lib/libnx.a(fs_dev.o) (__nx_dev_path_buf)
/opt/devkitpro/libnx/lib/libnx.a(decode_utf8.o)
                              /opt/devkitpro/libnx/lib/libnx.a(fs_dev.o) (decode_utf8)
/opt/devkitpro/libnx/lib/libnx.a(exception.o)
[...]
Memory Configuration

Name             Origin             Length             Attributes
*default*        0x0000000000000000 0xffffffffffffffff

Linker script and memory map

                0x0000000000000000                PROVIDE (__start__ = 0x0)
                0x0000000000000000                . = __start__
                [!provide]                        PROVIDE (__code_start = .)

.text           0x0000000000000000    0x1de00
 *(.crt0)
 .crt0          0x0000000000000000      0x124 /opt/devkitpro/libnx/lib/libnx.a(switch_crt0.o)
                0x0000000000000000                _start
                0x00000000000000e0                __nx_exit
                0x00000000000000f0                __nx_mod0
 *(.text.unlikely .text.*_unlikely .text.unlikely.*)
 *(.text.exit .text.exit.*)
 *fill*         0x0000000000000124       0x1c 
 .text.exit     0x0000000000000140       0x34 /opt/devkitpro/devkitA64/bin/../lib/gcc/aarch64-none-elf/15.1.0/../../../../aarch64-none-elf/lib/pic/libg.a(libc_a-exit.o)
                0x0000000000000140                exit
 *(.text.startup .text.startup.*)
 *fill*         0x0000000000000174        0xc 
 .text.startup.main
                0x0000000000000180      0x384 main.o
                0x0000000000000180                main
 *(.text.hot .text.hot.*)
 *(.text .stub .text.* .gnu.linkonce.t.*)
 *fill*         0x0000000000000504       0x1c 
 .text.__do_global_dtors_aux
                0x0000000000000520       0x50 /opt/devkitpro/devkitA64/bin/../lib/gcc/aarch64-none-elf/15.1.0/pic/crtbegin.o
 *fill*         0x0000000000000570       0x10 
 .text.frame_dummy
                0x0000000000000580       0x24 /opt/devkitpro/devkitA64/bin/../lib/gcc/aarch64-none-elf/15.1.0/pic/crtbegin.o
 *fill*         0x00000000000005a4        0xc 
 .text.parseArgs
                0x00000000000005b0      0x134 args.o
                0x00000000000005b0                parseArgs
 *fill*         0x00000000000006e4        0xc 
 .text.initController.part.0
                0x00000000000006f0      0x17c commands.o
 *fill*         0x000000000000086c        0x4 
 .text.attach   0x0000000000000870       0x9c commands.o
                0x0000000000000870                attach
 *fill*         0x000000000000090c        0x4 
 .text.detach   0x0000000000000910       0x14 commands.o
                0x0000000000000910                detach
 *fill*         0x0000000000000924        0xc 
 .text.advance_one_frame
                0x0000000000000930      0x110 commands.o
                0x0000000000000930                advance_one_frame
 .text.getMainNsoBase
                0x0000000000000a40       0x88 commands.o
                0x0000000000000a40                getMainNsoBase
 *fill*         0x0000000000000ac8        0x8 
 .text.getHeapBase
                0x0000000000000ad0       0x60 commands.o
                0x0000000000000ad0                getHeapBase
 .text.getTitleId
                0x0000000000000b30       0x54 commands.o
                0x0000000000000b30                getTitleId
 *fill*         0x0000000000000b84        0xc 
 .text.GetTitleVersion
                0x0000000000000b90      0x144 commands.o
                0x0000000000000b90                GetTitleVersion
 *fill*         0x0000000000000cd4        0xc 
 .text.getoutsize
                0x0000000000000ce0       0xd4 commands.o
                0x0000000000000ce0                getoutsize
 *fill*         0x0000000000000db4        0xc 
 .text.getBuildID
                0x0000000000000dc0       0x78 commands.o
                0x0000000000000dc0                getBuildID
 *fill*         0x0000000000000e38        0x8 
 .text.getMetaData
                0x0000000000000e40      0x134 commands.o
                0x0000000000000e40                getMetaData
 *fill*         0x0000000000000f74        0xc 
 .text.getIsProgramOpen
                0x0000000000000f80       0x30 commands.o
                0x0000000000000f80                getIsProgramOpen
 .text.detachController
                0x0000000000000fb0       0xac commands.o
                0x0000000000000fb0                detachController
 *fill*         0x000000000000105c        0x4 
 .text.poke     0x0000000000001060       0x7c commands.o
                0x0000000000001060                poke
 *fill*         0x00000000000010dc        0x4 
 .text.writeMem
                0x00000000000010e0       0x50 commands.o
                0x00000000000010e0                writeMem
 .text.peek     0x0000000000001130       0xd0 commands.o
                0x0000000000001130                peek
 .text.peekInfinite
                0x0000000000001200      0x138 commands.o
                0x0000000000001200                peekInfinite
 *fill*         0x0000000000001338        0x8 
 .text.peekMulti
                0x0000000000001340      0x160 commands.o
                0x0000000000001340                peekMulti
 .text.press    0x00000000000014a0       0x74 commands.o
                0x00000000000014a0                press
 *fill*         0x0000000000001514        0xc 
 .text.release  0x0000000000001520       0x74 commands.o
                0x0000000000001520                release
 *fill*         0x0000000000001594        0xc 
 .text.click    0x00000000000015a0       0x5c commands.o
                0x00000000000015a0                click
 *fill*         0x00000000000015fc        0x4 
 .text.setStickState
                0x0000000000001600       0xa0 commands.o
                0x0000000000001600                setStickState
 .text.followMainPointer
                0x00000000000016a0      0x138 commands.o
                0x00000000000016a0                followMainPointer
 *fill*         0x00000000000017d8        0x8 
 .text.touch    0x00000000000017e0      0x130 commands.o
                0x00000000000017e0                touch
 .text.key      0x0000000000001910      0x164 commands.o
                0x0000000000001910                key
 *fill*         0x0000000000001a74        0xc 
 .text.clickSequence
                0x0000000000001a80      0x23c commands.o
                0x0000000000001a80                clickSequence
 *fill*         0x0000000000001cbc        0x4 
 .text.setControllerState
                0x0000000000001cc0       0x7c commands.o
                0x0000000000001cc0                setControllerState
 *fill*         0x0000000000001d3c        0x4 
 .text.resetControllerState
                0x0000000000001d40       0x60 commands.o
                0x0000000000001d40                resetControllerState
 .text.initFreezes
                0x0000000000001da0       0x24 freeze.o
                0x0000000000001da0                initFreezes
 *fill*         0x0000000000001dc4        0xc 
 .text.removeFromFreezeMap
                0x0000000000001dd0       0x74 freeze.o
                0x0000000000001dd0                removeFromFreezeMap
 *fill*         0x0000000000001e44        0xc 
 .text.addToFreezeMap
                0x0000000000001e50       0xc0 freeze.o
                0x0000000000001e50                addToFreezeMap
 .text.getFreezeCount
                0x0000000000001f10       0x68 freeze.o
                0x0000000000001f10                getFreezeCount
 *fill*         0x0000000000001f78        0x8 
 .text.clearFreezes
                0x0000000000001f80       0x68 freeze.o
                0x0000000000001f80                clearFreezes
 *fill*         0x0000000000001fe8        0x8 
 .text.sub_freeze
                0x0000000000001ff0      0x1ec main.o
                0x0000000000001ff0                sub_freeze
 *fill*         0x00000000000021dc        0x4 
 .text.sub_touch
                0x00000000000021e0       0xac main.o
                0x00000000000021e0                sub_touch
 *fill*         0x000000000000228c        0x4 
 .text.sub_key  0x0000000000002290       0x8c main.o
                0x0000000000002290                sub_key
 *fill*         0x000000000000231c        0x4 
 .text.sub_click
                0x0000000000002320       0x94 main.o
                0x0000000000002320                sub_click
 *fill*         0x00000000000023b4        0xc 
 .text.__libnx_initheap
                0x00000000000023c0       0x28 main.o
                0x00000000000023c0                __libnx_initheap
 *fill*         0x00000000000023e8        0x8 
 .text.__appInit
                0x00000000000023f0       0xac main.o
                0x00000000000023f0                __appInit
 *fill*         0x000000000000249c        0x4 
 .text.__appExit
                0x00000000000024a0       0x20 main.o
                0x00000000000024a0                __appExit
 .text.makeTouch
                0x00000000000024c0       0x60 main.o
                0x00000000000024c0                makeTouch
 .text.makeKeys
                0x0000000000002520       0x4c main.o
                0x0000000000002520                makeKeys
 *fill*         0x000000000000256c        0x4 
 .text.argmain.part.0
                0x0000000000002570     0x1bf8 main.o
 *fill*         0x0000000000004168        0x8 
 .text.argmain  0x0000000000004170       0x24 main.o
                0x0000000000004170                argmain
 *fill*         0x0000000000004194        0xc 
 .text.setupServerSocket
                0x00000000000041a0       0x8c util.o
                0x00000000000041a0                setupServerSocket
 *fill*         0x000000000000422c        0x4 
 .text.parseStringToInt
                0x0000000000004230       0x44 util.o
                0x0000000000004230                parseStringToInt
 *fill*         0x0000000000004274        0xc 
 .text.parseStringToSignedLong
                0x0000000000004280       0x64 util.o
                0x0000000000004280                parseStringToSignedLong
 *fill*         0x00000000000042e4        0xc 
 .text.parseStringToByteBuffer
                0x00000000000042f0      0x184 util.o
                0x00000000000042f0                parseStringToByteBuffer
 *fill*         0x0000000000004474        0xc 
 .text.parseStringToButton
                0x0000000000004480      0x2a4 util.o
                0x0000000000004480                parseStringToButton
 *fill*         0x0000000000004724        0xc 
 .text.capsscCaptureForDebug
                0x0000000000004730      0x15c util.o
                0x0000000000004730                capsscCaptureForDebug
 *fill*         0x000000000000488c        0x4 
 .text.flashLed
                0x0000000000004890       0xd4 util.o
                0x0000000000004890                flashLed
 *fill*         0x0000000000004964        0xc 
 .text.eventLoadRemote
                0x0000000000004970        0xc /opt/devkitpro/libnx/lib/libnx.a(event.o)
                0x0000000000004970                eventLoadRemote
 *fill*         0x000000000000497c        0x4 
 .text.eventWait
                0x0000000000004980       0x34 /opt/devkitpro/libnx/lib/libnx.a(event.o)
                0x0000000000004980                eventWait
 *fill*         0x00000000000049b4        0xc 
 .text.eventClose
                0x00000000000049c0       0x54 /opt/devkitpro/libnx/lib/libnx.a(event.o)
                0x00000000000049c0                eventClose
 *fill*         0x0000000000004a14        0xc 
 .text.mutexLock
                0x0000000000004a20       0xc8 /opt/devkitpro/libnx/lib/libnx.a(mutex.o)
                0x0000000000004a20                mutexLock
 *fill*         0x0000000000004ae8        0x8 
 .text.mutexUnlock
                0x0000000000004af0       0x68 /opt/devkitpro/libnx/lib/libnx.a(mutex.o)
                0x0000000000004af0                mutexUnlock
 *fill*         0x0000000000004b58        0x8 
 .text.mutexIsLockedByCurrentThread
                0x0000000000004b60       0x1c /opt/devkitpro/libnx/lib/libnx.a(mutex.o)
                0x0000000000004b60                mutexIsLockedByCurrentThread
 *fill*         0x0000000000004b7c        0x4 
 .text.rmutexLock
                0x0000000000004b80       0x58 /opt/devkitpro/libnx/lib/libnx.a(mutex.o)
                0x0000000000004b80                rmutexLock
 *fill*         0x0000000000004bd8        0x8 
 .text.rmutexUnlock
                0x0000000000004be0       0x1c /opt/devkitpro/libnx/lib/libnx.a(mutex.o)
                0x0000000000004be0                rmutexUnlock
 *fill*         0x0000000000004bfc        0x4 
 .text.__libnx_init_thread
                0x0000000000004c00       0xb0 /opt/devkitpro/libnx/lib/libnx.a(thread.o)
                0x0000000000004c00                __libnx_init_thread
 .text.threadCreate
                0x0000000000004cb0      0x34c /opt/devkitpro/libnx/lib/libnx.a(thread.o)
                0x0000000000004cb0                threadCreate
 *fill*         0x0000000000004ffc        0x4 
 .text.threadExit
                0x0000000000005000       0xa4 /opt/devkitpro/libnx/lib/libnx.a(thread.o)
                0x0000000000005000                threadExit
 *fill*         0x00000000000050a4        0xc 
 .text._EntryWrap
                0x00000000000050b0       0xac /opt/devkitpro/libnx/lib/libnx.a(thread.o)
 *fill*         0x000000000000515c        0x4 
 .text.threadStart
                0x0000000000005160        0x8 /opt/devkitpro/libnx/lib/libnx.a(thread.o)
                0x0000000000005160                threadStart
 *fill*         0x0000000000005168        0x8 
 .text._memregionInitWithInfo
                0x0000000000005170       0x64 /opt/devkitpro/libnx/lib/libnx.a(virtmem.o)
 *fill*         0x00000000000051d4        0xc 
 .text.__libnx_virtmem_rng
                0x00000000000051e0        0x4 /opt/devkitpro/libnx/lib/libnx.a(virtmem.o)
                0x00000000000051e0                __libnx_virtmem_rng
 *fill*         0x00000000000051e4        0xc 
 .text._memregionFindRandom
                0x00000000000051f0      0x164 /opt/devkitpro/libnx/lib/libnx.a(virtmem.o)
 *fill*         0x0000000000005354        0xc 
 .text.virtmemSetup
                0x0000000000005360      0x140 /opt/devkitpro/libnx/lib/libnx.a(virtmem.o)
                0x0000000000005360                virtmemSetup
 .text.virtmemLock
                0x00000000000054a0        0xc /opt/devkitpro/libnx/lib/libnx.a(virtmem.o)
                0x00000000000054a0                virtmemLock
 *fill*         0x00000000000054ac        0x4 
 .text.virtmemUnlock
                0x00000000000054b0        0xc /opt/devkitpro/libnx/lib/libnx.a(virtmem.o)
                0x00000000000054b0                virtmemUnlock
 *fill*         0x00000000000054bc        0x4 
 .text.virtmemFindStack
                0x00000000000054c0       0x50 /opt/devkitpro/libnx/lib/libnx.a(virtmem.o)
                0x00000000000054c0                virtmemFindStack
 .text.waitObjects
                0x0000000000005510      0x57c /opt/devkitpro/libnx/lib/libnx.a(wait.o)
                0x0000000000005510                waitObjects
 *fill*         0x0000000000005a8c        0x4 
 .text._audoutCleanup
                0x0000000000005a90      0x104 /opt/devkitpro/libnx/lib/libnx.a(audout.o)
 *fill*         0x0000000000005b94        0xc 
 .text.audoutExit
                0x0000000000005ba0       0x48 /opt/devkitpro/libnx/lib/libnx.a(audout.o)
                0x0000000000005ba0                audoutExit
 *fill*         0x0000000000005be8        0x8 
 .text._capsscCleanup
                0x0000000000005bf0       0x78 /opt/devkitpro/libnx/lib/libnx.a(capssc.o)
 *fill*         0x0000000000005c68        0x8 
 .text.capsscInitialize
                0x0000000000005c70       0xb0 /opt/devkitpro/libnx/lib/libnx.a(capssc.o)
                0x0000000000005c70                capsscInitialize
 .text.capsscGetServiceSession
                0x0000000000005d20        0xc /opt/devkitpro/libnx/lib/libnx.a(capssc.o)
                0x0000000000005d20                capsscGetServiceSession
 *fill*         0x0000000000005d2c        0x4 
 .text._fatalCmd
                0x0000000000005d30      0x1c4 /opt/devkitpro/libnx/lib/libnx.a(fatal.o)
 *fill*         0x0000000000005ef4        0xc 
 .text.fatalThrowWithPolicy
                0x0000000000005f00        0xc /opt/devkitpro/libnx/lib/libnx.a(fatal.o)
                0x0000000000005f00                fatalThrowWithPolicy
 *fill*         0x0000000000005f0c        0x4 
 .text.fatalThrow
                0x0000000000005f10       0x14 /opt/devkitpro/libnx/lib/libnx.a(fatal.o)
                0x0000000000005f10                fatalThrow
 *fill*         0x0000000000005f24        0xc 
 .text._hiddbgCmdNoIO
                0x0000000000005f30       0xbc /opt/devkitpro/libnx/lib/libnx.a(hiddbg.o)
 *fill*         0x0000000000005fec        0x4 
 .text._hiddbgCmdInU64NoOut
                0x0000000000005ff0       0xc0 /opt/devkitpro/libnx/lib/libnx.a(hiddbg.o)
 .text._hiddbgCleanup
                0x00000000000060b0       0x78 /opt/devkitpro/libnx/lib/libnx.a(hiddbg.o)
 *fill*         0x0000000000006128        0x8 
 .text._hiddbgCmdInHandle64OutU64.constprop.0
                0x0000000000006130       0xe0 /opt/devkitpro/libnx/lib/libnx.a(hiddbg.o)
 .text._hiddbgCmdInHandle64NoOut.constprop.0
                0x0000000000006210       0xcc /opt/devkitpro/libnx/lib/libnx.a(hiddbg.o)
 *fill*         0x00000000000062dc        0x4 
 .text.hiddbgInitialize
                0x00000000000062e0       0xa0 /opt/devkitpro/libnx/lib/libnx.a(hiddbg.o)
                0x00000000000062e0                hiddbgInitialize
 .text.hiddbgExit
                0x0000000000006380       0x48 /opt/devkitpro/libnx/lib/libnx.a(hiddbg.o)
                0x0000000000006380                hiddbgExit
 *fill*         0x00000000000063c8        0x8 
 .text.hiddbgSetTouchScreenAutoPilotState
                0x00000000000063d0       0xe8 /opt/devkitpro/libnx/lib/libnx.a(hiddbg.o)
                0x00000000000063d0                hiddbgSetTouchScreenAutoPilotState
 *fill*         0x00000000000064b8        0x8 
 .text.hiddbgUnsetTouchScreenAutoPilotState
                0x00000000000064c0        0x8 /opt/devkitpro/libnx/lib/libnx.a(hiddbg.o)
                0x00000000000064c0                hiddbgUnsetTouchScreenAutoPilotState
 *fill*         0x00000000000064c8        0x8 
 .text.hiddbgSetKeyboardAutoPilotState
                0x00000000000064d0       0xcc /opt/devkitpro/libnx/lib/libnx.a(hiddbg.o)
                0x00000000000064d0                hiddbgSetKeyboardAutoPilotState
 *fill*         0x000000000000659c        0x4 
 .text.hiddbgUnsetKeyboardAutoPilotState
                0x00000000000065a0        0x8 /opt/devkitpro/libnx/lib/libnx.a(hiddbg.o)
                0x00000000000065a0                hiddbgUnsetKeyboardAutoPilotState
 *fill*         0x00000000000065a8        0x8 
 .text.hiddbgAttachHdlsWorkBuffer
                0x00000000000065b0      0x104 /opt/devkitpro/libnx/lib/libnx.a(hiddbg.o)
                0x00000000000065b0                hiddbgAttachHdlsWorkBuffer
 *fill*         0x00000000000066b4        0xc 
 .text.hiddbgReleaseHdlsWorkBuffer
                0x00000000000066c0       0xa4 /opt/devkitpro/libnx/lib/libnx.a(hiddbg.o)
                0x00000000000066c0                hiddbgReleaseHdlsWorkBuffer
 *fill*         0x0000000000006764        0xc 
 .text.hiddbgAttachHdlsVirtualDevice
                0x0000000000006770      0x21c /opt/devkitpro/libnx/lib/libnx.a(hiddbg.o)
                0x0000000000006770                hiddbgAttachHdlsVirtualDevice
 *fill*         0x000000000000698c        0x4 
 .text.hiddbgDetachHdlsVirtualDevice
                0x0000000000006990       0x60 /opt/devkitpro/libnx/lib/libnx.a(hiddbg.o)
                0x0000000000006990                hiddbgDetachHdlsVirtualDevice
 .text.hiddbgSetHdlsState
                0x00000000000069f0      0x230 /opt/devkitpro/libnx/lib/libnx.a(hiddbg.o)
                0x00000000000069f0                hiddbgSetHdlsState
 .text._hidsysCleanup
                0x0000000000006c20       0x78 /opt/devkitpro/libnx/lib/libnx.a(hidsys.o)
 *fill*         0x0000000000006c98        0x8 
 .text.hidsysInitialize
                0x0000000000006ca0       0xb0 /opt/devkitpro/libnx/lib/libnx.a(hidsys.o)
                0x0000000000006ca0                hidsysInitialize
 .text.hidsysExit
                0x0000000000006d50       0x48 /opt/devkitpro/libnx/lib/libnx.a(hidsys.o)
                0x0000000000006d50                hidsysExit
 *fill*         0x0000000000006d98        0x8 
 .text.hidsysGetUniquePadsFromNpad
                0x0000000000006da0      0x128 /opt/devkitpro/libnx/lib/libnx.a(hidsys.o)
                0x0000000000006da0                hidsysGetUniquePadsFromNpad
 *fill*         0x0000000000006ec8        0x8 
 .text.hidsysSetNotificationLedPattern
                0x0000000000006ed0      0x10c /opt/devkitpro/libnx/lib/libnx.a(hidsys.o)
                0x0000000000006ed0                hidsysSetNotificationLedPattern
 *fill*         0x0000000000006fdc        0x4 
 .text._lblCmdInU64NoOut
                0x0000000000006fe0       0xc0 /opt/devkitpro/libnx/lib/libnx.a(lbl.o)
 .text._lblCleanup
                0x00000000000070a0       0x78 /opt/devkitpro/libnx/lib/libnx.a(lbl.o)
 *fill*         0x0000000000007118        0x8 
 .text.lblInitialize
                0x0000000000007120       0x98 /opt/devkitpro/libnx/lib/libnx.a(lbl.o)
                0x0000000000007120                lblInitialize
 *fill*         0x00000000000071b8        0x8 
 .text.lblExit  0x00000000000071c0       0x48 /opt/devkitpro/libnx/lib/libnx.a(lbl.o)
                0x00000000000071c0                lblExit
 *fill*         0x0000000000007208        0x8 
 .text.lblSwitchBacklightOn
                0x0000000000007210        0x8 /opt/devkitpro/libnx/lib/libnx.a(lbl.o)
                0x0000000000007210                lblSwitchBacklightOn
 *fill*         0x0000000000007218        0x8 
 .text.lblSwitchBacklightOff
                0x0000000000007220        0x8 /opt/devkitpro/libnx/lib/libnx.a(lbl.o)
                0x0000000000007220                lblSwitchBacklightOff
 *fill*         0x0000000000007228        0x8 
 .text._ldrDmntCleanup
                0x0000000000007230       0x78 /opt/devkitpro/libnx/lib/libnx.a(ldr.o)
 *fill*         0x00000000000072a8        0x8 
 .text.ldrDmntInitialize
                0x00000000000072b0       0xa0 /opt/devkitpro/libnx/lib/libnx.a(ldr.o)
                0x00000000000072b0                ldrDmntInitialize
 .text.ldrDmntGetProcessModuleInfo
                0x0000000000007350       0xf0 /opt/devkitpro/libnx/lib/libnx.a(ldr.o)
                0x0000000000007350                ldrDmntGetProcessModuleInfo
 .text._nsCleanup
                0x0000000000007440       0xc8 /opt/devkitpro/libnx/lib/libnx.a(ns.o)
 *fill*         0x0000000000007508        0x8 
 .text._nsGetSession.isra.0
                0x0000000000007510       0xf4 /opt/devkitpro/libnx/lib/libnx.a(ns.o)
 *fill*         0x0000000000007604        0xc 
 .text.nsInitialize
                0x0000000000007610      0x284 /opt/devkitpro/libnx/lib/libnx.a(ns.o)
                0x0000000000007610                nsInitialize
 *fill*         0x0000000000007894        0xc 
 .text.nsExit   0x00000000000078a0       0x48 /opt/devkitpro/libnx/lib/libnx.a(ns.o)
                0x00000000000078a0                nsExit
 *fill*         0x00000000000078e8        0x8 
 .text.nsGetReadOnlyApplicationControlDataInterface
                0x00000000000078f0       0x5c /opt/devkitpro/libnx/lib/libnx.a(ns.o)
                0x00000000000078f0                nsGetReadOnlyApplicationControlDataInterface
 *fill*         0x000000000000794c        0x4 
 .text.nsGetApplicationManagerInterface
                0x0000000000007950       0x58 /opt/devkitpro/libnx/lib/libnx.a(ns.o)
                0x0000000000007950                nsGetApplicationManagerInterface
 *fill*         0x00000000000079a8        0x8 
 .text.nsGetContentManagementInterface
                0x00000000000079b0       0x58 /opt/devkitpro/libnx/lib/libnx.a(ns.o)
                0x00000000000079b0                nsGetContentManagementInterface
 *fill*         0x0000000000007a08        0x8 
 .text.nsGetApplicationControlData
                0x0000000000007a10      0x204 /opt/devkitpro/libnx/lib/libnx.a(ns.o)
                0x0000000000007a10                nsGetApplicationControlData
 *fill*         0x0000000000007c14        0xc 
 .text.nsListApplicationContentMetaStatus
                0x0000000000007c20      0x1dc /opt/devkitpro/libnx/lib/libnx.a(ns.o)
                0x0000000000007c20                nsListApplicationContentMetaStatus
 *fill*         0x0000000000007dfc        0x4 
 .text._pmCmdInU64OutU64
                0x0000000000007e00       0xd0 /opt/devkitpro/libnx/lib/libnx.a(pm.o)
 .text._pmdmntCleanup
                0x0000000000007ed0       0x78 /opt/devkitpro/libnx/lib/libnx.a(pm.o)
 *fill*         0x0000000000007f48        0x8 
 .text._pminfoCleanup
                0x0000000000007f50       0x78 /opt/devkitpro/libnx/lib/libnx.a(pm.o)
 *fill*         0x0000000000007fc8        0x8 
 .text.pmdmntInitialize
                0x0000000000007fd0       0xa0 /opt/devkitpro/libnx/lib/libnx.a(pm.o)
                0x0000000000007fd0                pmdmntInitialize
 .text.pminfoInitialize
                0x0000000000008070       0xa0 /opt/devkitpro/libnx/lib/libnx.a(pm.o)
                0x0000000000008070                pminfoInitialize
 .text.pmdmntGetProcessId
                0x0000000000008110       0x44 /opt/devkitpro/libnx/lib/libnx.a(pm.o)
                0x0000000000008110                pmdmntGetProcessId
 *fill*         0x0000000000008154        0xc 
 .text.pmdmntGetApplicationProcessId
                0x0000000000008160       0xe4 /opt/devkitpro/libnx/lib/libnx.a(pm.o)
                0x0000000000008160                pmdmntGetApplicationProcessId
 *fill*         0x0000000000008244        0xc 
 .text.pminfoGetProgramId
                0x0000000000008250       0x10 /opt/devkitpro/libnx/lib/libnx.a(pm.o)
                0x0000000000008250                pminfoGetProgramId
 .text._psmCleanup
                0x0000000000008260       0x78 /opt/devkitpro/libnx/lib/libnx.a(psm.o)
 *fill*         0x00000000000082d8        0x8 
 .text._psmCmdNoInOutU32.constprop.0
                0x00000000000082e0       0xd0 /opt/devkitpro/libnx/lib/libnx.a(psm.o)
 .text.psmInitialize
                0x00000000000083b0       0x98 /opt/devkitpro/libnx/lib/libnx.a(psm.o)
                0x00000000000083b0                psmInitialize
 *fill*         0x0000000000008448        0x8 
 .text.psmExit  0x0000000000008450       0x48 /opt/devkitpro/libnx/lib/libnx.a(psm.o)
                0x0000000000008450                psmExit
 *fill*         0x0000000000008498        0x8 
 .text.psmGetBatteryChargePercentage
                0x00000000000084a0        0x8 /opt/devkitpro/libnx/lib/libnx.a(psm.o)
                0x00000000000084a0                psmGetBatteryChargePercentage
 *fill*         0x00000000000084a8        0x8 
 .text._setsysGetFirmwareVersionImpl
                0x00000000000084b0       0xd0 /opt/devkitpro/libnx/lib/libnx.a(set.o)
 .text._setCleanup
                0x0000000000008580       0x78 /opt/devkitpro/libnx/lib/libnx.a(set.o)
 *fill*         0x00000000000085f8        0x8 
 .text._setsysCleanup
                0x0000000000008600       0x78 /opt/devkitpro/libnx/lib/libnx.a(set.o)
 *fill*         0x0000000000008678        0x8 
 .text._setCmdNoInOutU32.isra.0
                0x0000000000008680       0xc8 /opt/devkitpro/libnx/lib/libnx.a(set.o)
 *fill*         0x0000000000008748        0x8 
 .text._setCmdNoInOut64.isra.0
                0x0000000000008750       0xc8 /opt/devkitpro/libnx/lib/libnx.a(set.o)
 *fill*         0x0000000000008818        0x8 
 .text.setInitialize
                0x0000000000008820       0xa0 /opt/devkitpro/libnx/lib/libnx.a(set.o)
                0x0000000000008820                setInitialize
 .text.setExit  0x00000000000088c0       0x48 /opt/devkitpro/libnx/lib/libnx.a(set.o)
                0x00000000000088c0                setExit
 *fill*         0x0000000000008908        0x8 
 .text.setsysInitialize
                0x0000000000008910       0xa0 /opt/devkitpro/libnx/lib/libnx.a(set.o)
                0x0000000000008910                setsysInitialize
 .text.setsysExit
                0x00000000000089b0       0x48 /opt/devkitpro/libnx/lib/libnx.a(set.o)
                0x00000000000089b0                setsysExit
 *fill*         0x00000000000089f8        0x8 
 .text.setGetLanguageCode
                0x0000000000008a00       0x1c /opt/devkitpro/libnx/lib/libnx.a(set.o)
                0x0000000000008a00                setGetLanguageCode
 *fill*         0x0000000000008a1c        0x4 
 .text.setGetSystemLanguage
                0x0000000000008a20        0x4 /opt/devkitpro/libnx/lib/libnx.a(set.o)
                0x0000000000008a20                setGetSystemLanguage
 *fill*         0x0000000000008a24        0xc 
 .text.setGetAvailableLanguageCodeCount
                0x0000000000008a30       0x70 /opt/devkitpro/libnx/lib/libnx.a(set.o)
                0x0000000000008a30                setGetAvailableLanguageCodeCount
 .text.setGetAvailableLanguageCodes
                0x0000000000008aa0      0x174 /opt/devkitpro/libnx/lib/libnx.a(set.o)
                0x0000000000008aa0                setGetAvailableLanguageCodes
 *fill*         0x0000000000008c14        0xc 
 .text.setMakeLanguage
                0x0000000000008c20      0x108 /opt/devkitpro/libnx/lib/libnx.a(set.o)
                0x0000000000008c20                setMakeLanguage
 *fill*         0x0000000000008d28        0x8 
 .text.setsysGetFirmwareVersion
                0x0000000000008d30       0x48 /opt/devkitpro/libnx/lib/libnx.a(set.o)
                0x0000000000008d30                setsysGetFirmwareVersion
 *fill*         0x0000000000008d78        0x8 
 .text._smCmifCmdInPid
                0x0000000000008d80       0xcc /opt/devkitpro/libnx/lib/libnx.a(sm.o)
 *fill*         0x0000000000008e4c        0x4 
 .text._smCleanup
                0x0000000000008e50       0x78 /opt/devkitpro/libnx/lib/libnx.a(sm.o)
 *fill*         0x0000000000008ec8        0x8 
 .text.smAddOverrideHandle
                0x0000000000008ed0       0x48 /opt/devkitpro/libnx/lib/libnx.a(sm.o)
                0x0000000000008ed0                smAddOverrideHandle
 *fill*         0x0000000000008f18        0x8 
 .text.smGetServiceOverride
                0x0000000000008f20       0x54 /opt/devkitpro/libnx/lib/libnx.a(sm.o)
                0x0000000000008f20                smGetServiceOverride
 *fill*         0x0000000000008f74        0xc 
 .text.smInitialize
                0x0000000000008f80      0x1ac /opt/devkitpro/libnx/lib/libnx.a(sm.o)
                0x0000000000008f80                smInitialize
 *fill*         0x000000000000912c        0x4 
 .text.smExit   0x0000000000009130       0x48 /opt/devkitpro/libnx/lib/libnx.a(sm.o)
                0x0000000000009130                smExit
 *fill*         0x0000000000009178        0x8 
 .text.smGetServiceOriginal
                0x0000000000009180       0xd0 /opt/devkitpro/libnx/lib/libnx.a(sm.o)
                0x0000000000009180                smGetServiceOriginal
 .text.smGetServiceWrapper
                0x0000000000009250      0x120 /opt/devkitpro/libnx/lib/libnx.a(sm.o)
                0x0000000000009250                smGetServiceWrapper
 .text._viCleanup
                0x0000000000009370      0x230 /opt/devkitpro/libnx/lib/libnx.a(vi.o)
 .text._viCmdGetSessionNoParams.constprop.0
                0x00000000000095a0      0x100 /opt/devkitpro/libnx/lib/libnx.a(vi.o)
 .text.viInitialize
                0x00000000000096a0      0x368 /opt/devkitpro/libnx/lib/libnx.a(vi.o)
                0x00000000000096a0                viInitialize
 *fill*         0x0000000000009a08        0x8 
 .text.viExit   0x0000000000009a10       0x48 /opt/devkitpro/libnx/lib/libnx.a(vi.o)
                0x0000000000009a10                viExit
 *fill*         0x0000000000009a58        0x8 
 .text.viOpenDisplay
                0x0000000000009a60      0x10c /opt/devkitpro/libnx/lib/libnx.a(vi.o)
                0x0000000000009a60                viOpenDisplay
 *fill*         0x0000000000009b6c        0x4 
 .text.viCloseDisplay
                0x0000000000009b70       0xec /opt/devkitpro/libnx/lib/libnx.a(vi.o)
                0x0000000000009b70                viCloseDisplay
 *fill*         0x0000000000009c5c        0x4 
 .text.viGetDisplayVsyncEvent
                0x0000000000009c60      0x108 /opt/devkitpro/libnx/lib/libnx.a(vi.o)
                0x0000000000009c60                viGetDisplayVsyncEvent
 *fill*         0x0000000000009d68        0x8 
 .text.viSetDisplayPowerState
                0x0000000000009d70       0xe4 /opt/devkitpro/libnx/lib/libnx.a(vi.o)
                0x0000000000009d70                viSetDisplayPowerState
 *fill*         0x0000000000009e54        0xc 
 .text.__libnx_alloc
                0x0000000000009e60        0x4 /opt/devkitpro/libnx/lib/libnx.a(alloc.o)
                0x0000000000009e60                __libnx_alloc
 *fill*         0x0000000000009e64        0xc 
 .text.__libnx_aligned_alloc
                0x0000000000009e70       0x14 /opt/devkitpro/libnx/lib/libnx.a(alloc.o)
                0x0000000000009e70                __libnx_aligned_alloc
 *fill*         0x0000000000009e84        0xc 
 .text.__libnx_free
                0x0000000000009e90        0x4 /opt/devkitpro/libnx/lib/libnx.a(alloc.o)
                0x0000000000009e90                __libnx_free
 *fill*         0x0000000000009e94        0xc 
 .text.diagAbortWithResult
                0x0000000000009ea0       0x1c /opt/devkitpro/libnx/lib/libnx.a(diag.o)
                0x0000000000009ea0                diagAbortWithResult
 *fill*         0x0000000000009ebc        0x4 
 .text.envSetup
                0x0000000000009ec0      0x208 /opt/devkitpro/libnx/lib/libnx.a(env.o)
                0x0000000000009ec0                envSetup
 *fill*         0x000000000000a0c8        0x8 
 .text.envGetMainThreadHandle
                0x000000000000a0d0       0x20 /opt/devkitpro/libnx/lib/libnx.a(env.o)
                0x000000000000a0d0                envGetMainThreadHandle
 .text.envIsNso
                0x000000000000a0f0        0xc /opt/devkitpro/libnx/lib/libnx.a(env.o)
                0x000000000000a0f0                envIsNso
 *fill*         0x000000000000a0fc        0x4 
 .text.envHasArgv
                0x000000000000a100       0x14 /opt/devkitpro/libnx/lib/libnx.a(env.o)
                0x000000000000a100                envHasArgv
 *fill*         0x000000000000a114        0xc 
 .text.envGetArgv
                0x000000000000a120        0xc /opt/devkitpro/libnx/lib/libnx.a(env.o)
                0x000000000000a120                envGetArgv
 *fill*         0x000000000000a12c        0x4 
 .text.envGetExitFuncPtr
                0x000000000000a130        0xc /opt/devkitpro/libnx/lib/libnx.a(env.o)
                0x000000000000a130                envGetExitFuncPtr
 *fill*         0x000000000000a13c        0x4 
 .text.envHasRandomSeed
                0x000000000000a140        0xc /opt/devkitpro/libnx/lib/libnx.a(env.o)
                0x000000000000a140                envHasRandomSeed
 *fill*         0x000000000000a14c        0x4 
 .text.envGetRandomSeed
                0x000000000000a150       0x10 /opt/devkitpro/libnx/lib/libnx.a(env.o)
                0x000000000000a150                envGetRandomSeed
 .text.hosversionGet
                0x000000000000a160       0x14 /opt/devkitpro/libnx/lib/libnx.a(hosversion.o)
                0x000000000000a160                hosversionGet
 *fill*         0x000000000000a174        0xc 
 .text.hosversionSet
                0x000000000000a180       0x10 /opt/devkitpro/libnx/lib/libnx.a(hosversion.o)
                0x000000000000a180                hosversionSet
 .text.nacpGetLanguageEntry
                0x000000000000a190      0x120 /opt/devkitpro/libnx/lib/libnx.a(nacp.o)
                0x000000000000a190                nacpGetLanguageEntry
 .text._socketGetFd
                0x000000000000a2b0       0x7c /opt/devkitpro/libnx/lib/libnx.a(socket.o)
 *fill*         0x000000000000a32c        0x4 
 .text._socketParseBsdResult.part.0
                0x000000000000a330       0xa4 /opt/devkitpro/libnx/lib/libnx.a(socket.o)
 *fill*         0x000000000000a3d4        0xc 
 .text._socketRead
                0x000000000000a3e0       0x50 /opt/devkitpro/libnx/lib/libnx.a(socket.o)
 .text._socketWrite
                0x000000000000a430       0x50 /opt/devkitpro/libnx/lib/libnx.a(socket.o)
 .text._socketClose
                0x000000000000a480       0x44 /opt/devkitpro/libnx/lib/libnx.a(socket.o)
 *fill*         0x000000000000a4c4        0xc 
 .text._socketOpen
                0x000000000000a4d0       0x8c /opt/devkitpro/libnx/lib/libnx.a(socket.o)
 *fill*         0x000000000000a55c        0x4 
 .text.socketExit
                0x000000000000a560       0x1c /opt/devkitpro/libnx/lib/libnx.a(socket.o)
                0x000000000000a560                socketExit
 *fill*         0x000000000000a57c        0x4 
 .text.socketInitialize
                0x000000000000a580      0x1b4 /opt/devkitpro/libnx/lib/libnx.a(socket.o)
                0x000000000000a580                socketInitialize
 *fill*         0x000000000000a734        0xc 
 .text.poll     0x000000000000a740      0x18c /opt/devkitpro/libnx/lib/libnx.a(socket.o)
                0x000000000000a740                poll
 *fill*         0x000000000000a8cc        0x4 
 .text.socket   0x000000000000a8d0       0x98 /opt/devkitpro/libnx/lib/libnx.a(socket.o)
                0x000000000000a8d0                socket
 *fill*         0x000000000000a968        0x8 
 .text.recv     0x000000000000a970       0x5c /opt/devkitpro/libnx/lib/libnx.a(socket.o)
                0x000000000000a970                recv
 *fill*         0x000000000000a9cc        0x4 
 .text.accept   0x000000000000a9d0       0xa0 /opt/devkitpro/libnx/lib/libnx.a(socket.o)
                0x000000000000a9d0                accept
 .text.bind     0x000000000000aa70       0x60 /opt/devkitpro/libnx/lib/libnx.a(socket.o)
                0x000000000000aa70                bind
 .text.listen   0x000000000000aad0       0x58 /opt/devkitpro/libnx/lib/libnx.a(socket.o)
                0x000000000000aad0                listen
 *fill*         0x000000000000ab28        0x8 
 .text.setsockopt
                0x000000000000ab30       0x68 /opt/devkitpro/libnx/lib/libnx.a(socket.o)
                0x000000000000ab30                setsockopt
 .text.svcSetMemoryPermission
                0x000000000000ab98        0x8 /opt/devkitpro/libnx/lib/libnx.a(svc.o)
                0x000000000000ab98                svcSetMemoryPermission
 .text.svcSetMemoryAttribute
                0x000000000000aba0        0x8 /opt/devkitpro/libnx/lib/libnx.a(svc.o)
                0x000000000000aba0                svcSetMemoryAttribute
 .text.svcMapMemory
                0x000000000000aba8        0x8 /opt/devkitpro/libnx/lib/libnx.a(svc.o)
                0x000000000000aba8                svcMapMemory
 .text.svcUnmapMemory
                0x000000000000abb0        0x8 /opt/devkitpro/libnx/lib/libnx.a(svc.o)
                0x000000000000abb0                svcUnmapMemory
 .text.svcQueryMemory
                0x000000000000abb8       0x14 /opt/devkitpro/libnx/lib/libnx.a(svc.o)
                0x000000000000abb8                svcQueryMemory
 .text.svcExitProcess
                0x000000000000abcc        0x8 /opt/devkitpro/libnx/lib/libnx.a(svc.o)
                0x000000000000abcc                svcExitProcess
 .text.svcCreateThread
                0x000000000000abd4       0x14 /opt/devkitpro/libnx/lib/libnx.a(svc.o)
                0x000000000000abd4                svcCreateThread
 .text.svcStartThread
                0x000000000000abe8        0x8 /opt/devkitpro/libnx/lib/libnx.a(svc.o)
                0x000000000000abe8                svcStartThread
 .text.svcExitThread
                0x000000000000abf0        0x8 /opt/devkitpro/libnx/lib/libnx.a(svc.o)
                0x000000000000abf0                svcExitThread
 .text.svcSleepThread
                0x000000000000abf8        0x8 /opt/devkitpro/libnx/lib/libnx.a(svc.o)
                0x000000000000abf8                svcSleepThread
 .text.svcGetThreadPriority
                0x000000000000ac00       0x14 /opt/devkitpro/libnx/lib/libnx.a(svc.o)
                0x000000000000ac00                svcGetThreadPriority
 .text.svcSetThreadPriority
                0x000000000000ac14        0x8 /opt/devkitpro/libnx/lib/libnx.a(svc.o)
                0x000000000000ac14                svcSetThreadPriority
 .text.svcCreateTransferMemory
                0x000000000000ac1c       0x14 /opt/devkitpro/libnx/lib/libnx.a(svc.o)
                0x000000000000ac1c                svcCreateTransferMemory
 .text.svcCloseHandle
                0x000000000000ac30        0x8 /opt/devkitpro/libnx/lib/libnx.a(svc.o)
                0x000000000000ac30                svcCloseHandle
 .text.svcResetSignal
                0x000000000000ac38        0x8 /opt/devkitpro/libnx/lib/libnx.a(svc.o)
                0x000000000000ac38                svcResetSignal
 .text.svcWaitSynchronization
                0x000000000000ac40       0x14 /opt/devkitpro/libnx/lib/libnx.a(svc.o)
                0x000000000000ac40                svcWaitSynchronization
 .text.svcArbitrateLock
                0x000000000000ac54        0x8 /opt/devkitpro/libnx/lib/libnx.a(svc.o)
                0x000000000000ac54                svcArbitrateLock
 .text.svcArbitrateUnlock
                0x000000000000ac5c        0x8 /opt/devkitpro/libnx/lib/libnx.a(svc.o)
                0x000000000000ac5c                svcArbitrateUnlock
 .text.svcWaitProcessWideKeyAtomic
                0x000000000000ac64        0x8 /opt/devkitpro/libnx/lib/libnx.a(svc.o)
                0x000000000000ac64                svcWaitProcessWideKeyAtomic
 .text.svcSignalProcessWideKey
                0x000000000000ac6c        0x8 /opt/devkitpro/libnx/lib/libnx.a(svc.o)
                0x000000000000ac6c                svcSignalProcessWideKey
 .text.svcConnectToNamedPort
                0x000000000000ac74       0x14 /opt/devkitpro/libnx/lib/libnx.a(svc.o)
                0x000000000000ac74                svcConnectToNamedPort
 .text.svcSendSyncRequest
                0x000000000000ac88        0x8 /opt/devkitpro/libnx/lib/libnx.a(svc.o)
                0x000000000000ac88                svcSendSyncRequest
 .text.svcBreak
                0x000000000000ac90        0x8 /opt/devkitpro/libnx/lib/libnx.a(svc.o)
                0x000000000000ac90                svcBreak
 .text.svcReturnFromException
                0x000000000000ac98        0x8 /opt/devkitpro/libnx/lib/libnx.a(svc.o)
                0x000000000000ac98                svcReturnFromException
 .text.svcGetInfo
                0x000000000000aca0       0x14 /opt/devkitpro/libnx/lib/libnx.a(svc.o)
                0x000000000000aca0                svcGetInfo
 .text.svcUnmapTransferMemory
                0x000000000000acb4        0x8 /opt/devkitpro/libnx/lib/libnx.a(svc.o)
                0x000000000000acb4                svcUnmapTransferMemory
 .text.svcDebugActiveProcess
                0x000000000000acbc       0x14 /opt/devkitpro/libnx/lib/libnx.a(svc.o)
                0x000000000000acbc                svcDebugActiveProcess
 .text.svcReadDebugProcessMemory
                0x000000000000acd0        0x8 /opt/devkitpro/libnx/lib/libnx.a(svc.o)
                0x000000000000acd0                svcReadDebugProcessMemory
 .text.svcWriteDebugProcessMemory
                0x000000000000acd8        0x8 /opt/devkitpro/libnx/lib/libnx.a(svc.o)
                0x000000000000acd8                svcWriteDebugProcessMemory
 .text.__aarch64_read_tp
                0x000000000000ace0        0xc /opt/devkitpro/libnx/lib/libnx.a(readtp.o)
                0x000000000000ace0                __aarch64_read_tp
 *fill*         0x000000000000acec        0x4 
 .text.randomGet
                0x000000000000acf0      0x410 /opt/devkitpro/libnx/lib/libnx.a(random.o)
                0x000000000000acf0                randomGet
 .text.randomGet64
                0x000000000000b100       0x20 /opt/devkitpro/libnx/lib/libnx.a(random.o)
                0x000000000000b100                randomGet64
 .text.tmemCreate
                0x000000000000b120       0xa8 /opt/devkitpro/libnx/lib/libnx.a(tmem.o)
                0x000000000000b120                tmemCreate
 *fill*         0x000000000000b1c8        0x8 
 .text.tmemCreateFromMemory
                0x000000000000b1d0       0x2c /opt/devkitpro/libnx/lib/libnx.a(tmem.o)
                0x000000000000b1d0                tmemCreateFromMemory
 *fill*         0x000000000000b1fc        0x4 
 .text.tmemUnmap
                0x000000000000b200       0x34 /opt/devkitpro/libnx/lib/libnx.a(tmem.o)
                0x000000000000b200                tmemUnmap
 *fill*         0x000000000000b234        0xc 
 .text.tmemCloseHandle
                0x000000000000b240       0x30 /opt/devkitpro/libnx/lib/libnx.a(tmem.o)
                0x000000000000b240                tmemCloseHandle
 .text.tmemClose
                0x000000000000b270       0x50 /opt/devkitpro/libnx/lib/libnx.a(tmem.o)
                0x000000000000b270                tmemClose
 .text.appletGetAppletResourceUserId
                0x000000000000b2c0        0xc /opt/devkitpro/libnx/lib/libnx.a(applet.o)
                0x000000000000b2c0                appletGetAppletResourceUserId
 *fill*         0x000000000000b2cc        0x4 
 .text._bsdCleanup
                0x000000000000b2d0       0xf4 /opt/devkitpro/libnx/lib/libnx.a(bsd.o)
 *fill*         0x000000000000b3c4        0xc 
 .text._bsdCmdInDomainTypeProtocol
                0x000000000000b3d0      0x144 /opt/devkitpro/libnx/lib/libnx.a(bsd.o)
 *fill*         0x000000000000b514        0xc 
 .text._bsdCmdInSockfdOutSockaddr
                0x000000000000b520      0x1ec /opt/devkitpro/libnx/lib/libnx.a(bsd.o)
 *fill*         0x000000000000b70c        0x4 
 .text._bsdCmdInSockfdSockaddr
                0x000000000000b710      0x1ac /opt/devkitpro/libnx/lib/libnx.a(bsd.o)
 *fill*         0x000000000000b8bc        0x4 
 .text._bsdRegisterClient.constprop.0
                0x000000000000b8c0      0x124 /opt/devkitpro/libnx/lib/libnx.a(bsd.o)
 *fill*         0x000000000000b9e4        0xc 
 .text.bsdInitialize
                0x000000000000b9f0      0x358 /opt/devkitpro/libnx/lib/libnx.a(bsd.o)
                0x000000000000b9f0                bsdInitialize
 *fill*         0x000000000000bd48        0x8 
 .text.bsdExit  0x000000000000bd50       0x48 /opt/devkitpro/libnx/lib/libnx.a(bsd.o)
                0x000000000000bd50                bsdExit
 *fill*         0x000000000000bd98        0x8 
 .text.bsdSocket
                0x000000000000bda0        0x8 /opt/devkitpro/libnx/lib/libnx.a(bsd.o)
                0x000000000000bda0                bsdSocket
 *fill*         0x000000000000bda8        0x8 
 .text.bsdOpen  0x000000000000bdb0      0x1c8 /opt/devkitpro/libnx/lib/libnx.a(bsd.o)
                0x000000000000bdb0                bsdOpen
 *fill*         0x000000000000bf78        0x8 
 .text.bsdPoll  0x000000000000bf80      0x250 /opt/devkitpro/libnx/lib/libnx.a(bsd.o)
                0x000000000000bf80                bsdPoll
 .text.bsdRecv  0x000000000000c1d0      0x1bc /opt/devkitpro/libnx/lib/libnx.a(bsd.o)
                0x000000000000c1d0                bsdRecv
 *fill*         0x000000000000c38c        0x4 
 .text.bsdAccept
                0x000000000000c390        0x8 /opt/devkitpro/libnx/lib/libnx.a(bsd.o)
                0x000000000000c390                bsdAccept
 *fill*         0x000000000000c398        0x8 
 .text.bsdBind  0x000000000000c3a0        0x8 /opt/devkitpro/libnx/lib/libnx.a(bsd.o)
                0x000000000000c3a0                bsdBind
 *fill*         0x000000000000c3a8        0x8 
 .text.bsdListen
                0x000000000000c3b0      0x140 /opt/devkitpro/libnx/lib/libnx.a(bsd.o)
                0x000000000000c3b0                bsdListen
 .text.bsdSetSockOpt
                0x000000000000c4f0      0x1c4 /opt/devkitpro/libnx/lib/libnx.a(bsd.o)
                0x000000000000c4f0                bsdSetSockOpt
 *fill*         0x000000000000c6b4        0xc 
 .text.bsdWrite
                0x000000000000c6c0      0x1bc /opt/devkitpro/libnx/lib/libnx.a(bsd.o)
                0x000000000000c6c0                bsdWrite
 *fill*         0x000000000000c87c        0x4 
 .text.bsdRead  0x000000000000c880      0x1b0 /opt/devkitpro/libnx/lib/libnx.a(bsd.o)
                0x000000000000c880                bsdRead
 .text.bsdClose
                0x000000000000ca30      0x134 /opt/devkitpro/libnx/lib/libnx.a(bsd.o)
                0x000000000000ca30                bsdClose
 *fill*         0x000000000000cb64        0xc 
 .text.argvSetup
                0x000000000000cb70      0x314 /opt/devkitpro/libnx/lib/libnx.a(argv.o)
                0x000000000000cb70                argvSetup
 *fill*         0x000000000000ce84        0xc 
 .text.__nx_dynamic
                0x000000000000ce90      0x1fc /opt/devkitpro/libnx/lib/libnx.a(dynamic.o)
                0x000000000000ce90                __nx_dynamic
 *fill*         0x000000000000d08c        0x4 
 .text.__libnx_init
                0x000000000000d090       0x2c /opt/devkitpro/libnx/lib/libnx.a(init.o)
                0x000000000000d090                __libnx_init
 *fill*         0x000000000000d0bc        0x4 
 .text.__libnx_exit
                0x000000000000d0c0       0x1c /opt/devkitpro/libnx/lib/libnx.a(init.o)
                0x000000000000d0c0                __libnx_exit
 *fill*         0x000000000000d0dc        0x4 
 .text.__syscall_exit
                0x000000000000d0e0       0x1c /opt/devkitpro/libnx/lib/libnx.a(newlib.o)
                0x000000000000d0e0                __syscall_exit
 *fill*         0x000000000000d0fc        0x4 
 .text.__syscall_getreent
                0x000000000000d100       0x34 /opt/devkitpro/libnx/lib/libnx.a(newlib.o)
                0x000000000000d100                __syscall_getreent
 *fill*         0x000000000000d134        0xc 
 .text.__syscall_lock_acquire
                0x000000000000d140        0x4 /opt/devkitpro/libnx/lib/libnx.a(newlib.o)
                0x000000000000d140                __syscall_lock_acquire
 *fill*         0x000000000000d144        0xc 
 .text.__syscall_lock_release
                0x000000000000d150        0x4 /opt/devkitpro/libnx/lib/libnx.a(newlib.o)
                0x000000000000d150                __syscall_lock_release
 *fill*         0x000000000000d154        0xc 
 .text.__syscall_lock_acquire_recursive
                0x000000000000d160        0x4 /opt/devkitpro/libnx/lib/libnx.a(newlib.o)
                0x000000000000d160                __syscall_lock_acquire_recursive
 *fill*         0x000000000000d164        0xc 
 .text.__syscall_lock_release_recursive
                0x000000000000d170        0x4 /opt/devkitpro/libnx/lib/libnx.a(newlib.o)
                0x000000000000d170                __syscall_lock_release_recursive
 *fill*         0x000000000000d174        0xc 
 .text.newlibSetup
                0x000000000000d180       0x98 /opt/devkitpro/libnx/lib/libnx.a(newlib.o)
                0x000000000000d180                newlibSetup
 *fill*         0x000000000000d218        0x8 
 .text.nxlinkSetup
                0x000000000000d220       0xe8 /opt/devkitpro/libnx/lib/libnx.a(nxlink.o)
                0x000000000000d220                nxlinkSetup
 *fill*         0x000000000000d308        0x8 
 .text._convert_errno
                0x000000000000d310       0x30 /opt/devkitpro/libnx/lib/libnx.a(convert_errno.o)
                0x000000000000d310                _convert_errno
 .text.__libnx_exception_entry
                0x000000000000d340      0x1c0 /opt/devkitpro/libnx/lib/libnx.a(exception.o)
                0x000000000000d340                __libnx_exception_entry
 .text.__libnx_exception_returnentry
                0x000000000000d500       0x18 /opt/devkitpro/libnx/lib/libnx.a(exception.o)
                0x000000000000d500                __libnx_exception_returnentry
 *fill*         0x000000000000d518        0x8 
 .text.condvarWaitTimeout
                0x000000000000d520       0x70 /opt/devkitpro/libnx/lib/libnx.a(condvar.o)
                0x000000000000d520                condvarWaitTimeout
 .text.sessionmgrCreate
                0x000000000000d590      0x184 /opt/devkitpro/libnx/lib/libnx.a(sessionmgr.o)
                0x000000000000d590                sessionmgrCreate
 *fill*         0x000000000000d714        0xc 
 .text.sessionmgrClose
                0x000000000000d720       0x84 /opt/devkitpro/libnx/lib/libnx.a(sessionmgr.o)
                0x000000000000d720                sessionmgrClose
 *fill*         0x000000000000d7a4        0xc 
 .text.sessionmgrAttachClient
                0x000000000000d7b0       0xa8 /opt/devkitpro/libnx/lib/libnx.a(sessionmgr.o)
                0x000000000000d7b0                sessionmgrAttachClient
 *fill*         0x000000000000d858        0x8 
 .text.sessionmgrDetachClient
                0x000000000000d860       0x60 /opt/devkitpro/libnx/lib/libnx.a(sessionmgr.o)
                0x000000000000d860                sessionmgrDetachClient
 .text.__addtf3
                0x000000000000d8c0      0xd24 /opt/devkitpro/devkitA64/bin/../lib/gcc/aarch64-none-elf/15.1.0/pic/libgcc.a(addtf3.o)
                0x000000000000d8c0                __addtf3
 *fill*         0x000000000000e5e4       0x1c 
 .text.__multf3
                0x000000000000e600      0x8d8 /opt/devkitpro/devkitA64/bin/../lib/gcc/aarch64-none-elf/15.1.0/pic/libgcc.a(multf3.o)
                0x000000000000e600                __multf3
 *fill*         0x000000000000eed8        0x8 
 .text.__fixtfdi
                0x000000000000eee0      0x130 /opt/devkitpro/devkitA64/bin/../lib/gcc/aarch64-none-elf/15.1.0/pic/libgcc.a(fixtfdi.o)
                0x000000000000eee0                __fixtfdi
 *fill*         0x000000000000f010       0x10 
 .text.__fixunstfdi
                0x000000000000f020       0xf4 /opt/devkitpro/devkitA64/bin/../lib/gcc/aarch64-none-elf/15.1.0/pic/libgcc.a(fixunstfdi.o)
                0x000000000000f020                __fixunstfdi
 *fill*         0x000000000000f114        0xc 
 .text.__floatunditf
                0x000000000000f120       0x98 /opt/devkitpro/devkitA64/bin/../lib/gcc/aarch64-none-elf/15.1.0/pic/libgcc.a(floatunditf.o)
                0x000000000000f120                __floatunditf
 *fill*         0x000000000000f1b8        0x8 
 .text.__sfp_handle_exceptions
                0x000000000000f1c0       0x70 /opt/devkitpro/devkitA64/bin/../lib/gcc/aarch64-none-elf/15.1.0/pic/libgcc.a(sfp-exceptions.o)
                0x000000000000f1c0                __sfp_handle_exceptions
 *fill*         0x000000000000f230       0x10 
 .text          0x000000000000f240      0x104 /opt/devkitpro/devkitA64/bin/../lib/gcc/aarch64-none-elf/15.1.0/../../../../aarch64-none-elf/lib/pic/libg.a(libc_a-memset.o)
                0x000000000000f240                memset
 *fill*         0x000000000000f344       0x3c 
 .text          0x000000000000f380      0x134 /opt/devkitpro/devkitA64/bin/../lib/gcc/aarch64-none-elf/15.1.0/../../../../aarch64-none-elf/lib/pic/libg.a(libc_a-strcmp.o)
                0x000000000000f380                strcmp
 *fill*         0x000000000000f4b4        0xc 
 .text          0x000000000000f4c0      0x1b4 /opt/devkitpro/devkitA64/bin/../lib/gcc/aarch64-none-elf/15.1.0/../../../../aarch64-none-elf/lib/pic/libg.a(libc_a-strncmp.o)
                0x000000000000f4c0                strncmp
 *fill*         0x000000000000f674        0xc 
 .text.stdio_exit_handler
                0x000000000000f680       0x1c /opt/devkitpro/devkitA64/bin/../lib/gcc/aarch64-none-elf/15.1.0/../../../../aarch64-none-elf/lib/pic/libg.a(libc_a-findfp.o)
 *fill*         0x000000000000f69c        0x4 
 .text.cleanup_stdio
                0x000000000000f6a0       0x6c /opt/devkitpro/devkitA64/bin/../lib/gcc/aarch64-none-elf/15.1.0/../../../../aarch64-none-elf/lib/pic/libg.a(libc_a-findfp.o)
 *fill*         0x000000000000f70c       0x14 
 .text.global_stdio_init.part.0
                0x000000000000f720      0x134 /opt/devkitpro/devkitA64/bin/../lib/gcc/aarch64-none-elf/15.1.0/../../../../aarch64-none-elf/lib/pic/libg.a(libc_a-findfp.o)
 *fill*         0x000000000000f854        0xc 
 .text.__sfp_lock_acquire
                0x000000000000f860        0xc /opt/devkitpro/devkitA64/bin/../lib/gcc/aarch64-none-elf/15.1.0/../../../../aarch64-none-elf/lib/pic/libg.a(libc_a-findfp.o)
                0x000000000000f860                __sfp_lock_acquire
 *fill*         0x000000000000f86c       0x14 
 .text.__sfp_lock_release
                0x000000000000f880        0xc /opt/devkitpro/devkitA64/bin/../lib/gcc/aarch64-none-elf/15.1.0/../../../../aarch64-none-elf/lib/pic/libg.a(libc_a-findfp.o)
                0x000000000000f880                __sfp_lock_release
 *fill*         0x000000000000f88c       0x14 
 .text.__sinit  0x000000000000f8a0       0x54 /opt/devkitpro/devkitA64/bin/../lib/gcc/aarch64-none-elf/15.1.0/../../../../aarch64-none-elf/lib/pic/libg.a(libc_a-findfp.o)
                0x000000000000f8a0                __sinit
 *fill*         0x000000000000f8f4        0xc 
 .text._strtoul_l.isra.0
                0x000000000000f900      0x1a4 /opt/devkitpro/devkitA64/bin/../lib/gcc/aarch64-none-elf/15.1.0/../../../../aarch64-none-elf/lib/pic/libg.a(libc_a-strtoul.o)
 *fill*         0x000000000000faa4       0x1c 
 .text.strtoul  0x000000000000fac0       0x40 /opt/devkitpro/devkitA64/bin/../lib/gcc/aarch64-none-elf/15.1.0/../../../../aarch64-none-elf/lib/pic/libg.a(libc_a-strtoul.o)
                0x000000000000fac0                strtoul
 .text.__libc_init_array
                0x000000000000fb00       0xa4 /opt/devkitpro/devkitA64/bin/../lib/gcc/aarch64-none-elf/15.1.0/../../../../aarch64-none-elf/lib/pic/libg.a(libc_a-init.o)
                0x000000000000fb00                __libc_init_array
 *fill*         0x000000000000fba4       0x1c 
 .text._fwalk_sglue
                0x000000000000fbc0       0x98 /opt/devkitpro/devkitA64/bin/../lib/gcc/aarch64-none-elf/15.1.0/../../../../aarch64-none-elf/lib/pic/libg.a(libc_a-fwalk.o)
                0x000000000000fbc0                _fwalk_sglue
 *fill*         0x000000000000fc58        0x8 
 .text.__errno  0x000000000000fc60       0x14 /opt/devkitpro/devkitA64/bin/../lib/gcc/aarch64-none-elf/15.1.0/../../../../aarch64-none-elf/lib/pic/libg.a(libc_a-errno.o)
                0x000000000000fc60                __errno
 *fill*         0x000000000000fc74        0xc 
 .text.calloc   0x000000000000fc80       0x2c /opt/devkitpro/devkitA64/bin/../lib/gcc/aarch64-none-elf/15.1.0/../../../../aarch64-none-elf/lib/pic/libg.a(libc_a-calloc.o)
                0x000000000000fc80                calloc
 *fill*         0x000000000000fcac       0x14 
 .text.aligned_alloc
                0x000000000000fcc0       0x2c /opt/devkitpro/devkitA64/bin/../lib/gcc/aarch64-none-elf/15.1.0/../../../../aarch64-none-elf/lib/pic/libg.a(libc_a-aligned_alloc.o)
                0x000000000000fcc0                aligned_alloc
 *fill*         0x000000000000fcec       0x14 
 .text._puts_r  0x000000000000fd00       0xd4 /opt/devkitpro/devkitA64/bin/../lib/gcc/aarch64-none-elf/15.1.0/../../../../aarch64-none-elf/lib/pic/libg.a(libc_a-puts.o)
                0x000000000000fd00                _puts_r
 *fill*         0x000000000000fdd4        0xc 
 .text.puts     0x000000000000fde0       0x1c /opt/devkitpro/devkitA64/bin/../lib/gcc/aarch64-none-elf/15.1.0/../../../../aarch64-none-elf/lib/pic/libg.a(libc_a-puts.o)
                0x000000000000fde0                puts
 *fill*         0x000000000000fdfc        0x4 
 .text          0x000000000000fe00      0x22c /opt/devkitpro/devkitA64/bin/../lib/gcc/aarch64-none-elf/15.1.0/../../../../aarch64-none-elf/lib/pic/libg.a(libc_a-memcpy.o)
                0x000000000000fe00                memmove
                0x000000000000fe00                memcpy
 *fill*         0x000000000001002c       0x14 
 .text._calloc_r
                0x0000000000010040       0xbc /opt/devkitpro/devkitA64/bin/../lib/gcc/aarch64-none-elf/15.1.0/../../../../aarch64-none-elf/lib/pic/libg.a(libc_a-callocr.o)
                0x0000000000010040                _calloc_r
 *fill*         0x00000000000100fc        0x4 
 .text.realloc  0x0000000000010100       0x2c /opt/devkitpro/devkitA64/bin/../lib/gcc/aarch64-none-elf/15.1.0/../../../../aarch64-none-elf/lib/pic/libg.a(libc_a-realloc.o)
                0x0000000000010100                realloc
 *fill*         0x000000000001012c       0x14 
 .text.putchar  0x0000000000010140       0x20 /opt/devkitpro/devkitA64/bin/../lib/gcc/aarch64-none-elf/15.1.0/../../../../aarch64-none-elf/lib/pic/libg.a(libc_a-putchar.o)
                0x0000000000010140                putchar
 .text._malloc_r
                0x0000000000010160      0x840 /opt/devkitpro/devkitA64/bin/../lib/gcc/aarch64-none-elf/15.1.0/../../../../aarch64-none-elf/lib/pic/libg.a(libc_a-mallocr.o)
                0x0000000000010160                _malloc_r
 .text._malloc_trim_r
                0x00000000000109a0      0x11c /opt/devkitpro/devkitA64/bin/../lib/gcc/aarch64-none-elf/15.1.0/../../../../aarch64-none-elf/lib/pic/libg.a(libc_a-freer.o)
                0x00000000000109a0                _malloc_trim_r
 *fill*         0x0000000000010abc        0x4 
 .text._free_r  0x0000000000010ac0      0x2d8 /opt/devkitpro/devkitA64/bin/../lib/gcc/aarch64-none-elf/15.1.0/../../../../aarch64-none-elf/lib/pic/libg.a(libc_a-freer.o)
                0x0000000000010ac0                _free_r
 *fill*         0x0000000000010d98        0x8 
 .text.strtok   0x0000000000010da0       0x34 /opt/devkitpro/devkitA64/bin/../lib/gcc/aarch64-none-elf/15.1.0/../../../../aarch64-none-elf/lib/pic/libg.a(libc_a-strtok.o)
                0x0000000000010da0                strtok
 *fill*         0x0000000000010dd4        0xc 
 .text.printf   0x0000000000010de0       0x80 /opt/devkitpro/devkitA64/bin/../lib/gcc/aarch64-none-elf/15.1.0/../../../../aarch64-none-elf/lib/pic/libg.a(libc_a-printf.o)
                0x0000000000010de0                printf
 .text._strtol_l.part.0
                0x0000000000010e60      0x2c0 /opt/devkitpro/devkitA64/bin/../lib/gcc/aarch64-none-elf/15.1.0/../../../../aarch64-none-elf/lib/pic/libg.a(libc_a-strtol.o)
 .text.strtol   0x0000000000011120       0x78 /opt/devkitpro/devkitA64/bin/../lib/gcc/aarch64-none-elf/15.1.0/../../../../aarch64-none-elf/lib/pic/libg.a(libc_a-strtol.o)
                0x0000000000011120                strtol
 *fill*         0x0000000000011198        0x8 
 .text.malloc   0x00000000000111a0       0x38 /opt/devkitpro/devkitA64/bin/../lib/gcc/aarch64-none-elf/15.1.0/../../../../aarch64-none-elf/lib/pic/libg.a(libc_a-malloc.o)
                0x00000000000111a0                malloc
 *fill*         0x00000000000111d8        0x8 
 .text.free     0x00000000000111e0       0x1c /opt/devkitpro/devkitA64/bin/../lib/gcc/aarch64-none-elf/15.1.0/../../../../aarch64-none-elf/lib/pic/libg.a(libc_a-malloc.o)
                0x00000000000111e0                free
 *fill*         0x00000000000111fc        0x4 
 .text.__sflush_r
                0x0000000000011200      0x1ec /opt/devkitpro/devkitA64/bin/../lib/gcc/aarch64-none-elf/15.1.0/../../../../aarch64-none-elf/lib/pic/libg.a(libc_a-fflush.o)
                0x0000000000011200                __sflush_r
 *fill*         0x00000000000113ec       0x14 
 .text._fflush_r
                0x0000000000011400       0xbc /opt/devkitpro/devkitA64/bin/../lib/gcc/aarch64-none-elf/15.1.0/../../../../aarch64-none-elf/lib/pic/libg.a(libc_a-fflush.o)
                0x0000000000011400                _fflush_r
 *fill*         0x00000000000114bc        0x4 
 .text.fflush   0x00000000000114c0       0x3c /opt/devkitpro/devkitA64/bin/../lib/gcc/aarch64-none-elf/15.1.0/../../../../aarch64-none-elf/lib/pic/libg.a(libc_a-fflush.o)
                0x00000000000114c0                fflush
 *fill*         0x00000000000114fc        0x4 
 .text          0x0000000000011500      0x130 /opt/devkitpro/devkitA64/bin/../lib/gcc/aarch64-none-elf/15.1.0/../../../../aarch64-none-elf/lib/pic/libg.a(libc_a-strlen.o)
                0x0000000000011500                strlen
 *fill*         0x0000000000011630       0x10 
 .text._realloc_r
                0x0000000000011640      0x568 /opt/devkitpro/devkitA64/bin/../lib/gcc/aarch64-none-elf/15.1.0/../../../../aarch64-none-elf/lib/pic/libg.a(libc_a-reallocr.o)
                0x0000000000011640                _realloc_r
 *fill*         0x0000000000011ba8       0x18 
 .text.__malloc_lock
                0x0000000000011bc0        0xc /opt/devkitpro/devkitA64/bin/../lib/gcc/aarch64-none-elf/15.1.0/../../../../aarch64-none-elf/lib/pic/libg.a(libc_a-mlock.o)
                0x0000000000011bc0                __malloc_lock
 *fill*         0x0000000000011bcc       0x14 
 .text.__malloc_unlock
                0x0000000000011be0        0xc /opt/devkitpro/devkitA64/bin/../lib/gcc/aarch64-none-elf/15.1.0/../../../../aarch64-none-elf/lib/pic/libg.a(libc_a-mlock.o)
                0x0000000000011be0                __malloc_unlock
 *fill*         0x0000000000011bec       0x14 
 .text.__call_exitprocs
                0x0000000000011c00        0x4 /opt/devkitpro/devkitA64/bin/../lib/gcc/aarch64-none-elf/15.1.0/../../../../aarch64-none-elf/lib/pic/libg.a(libc_a-exit.o)
                0x0000000000011c00                __call_exitprocs
 *fill*         0x0000000000011c04       0x1c 
 .text.__strtok_r
                0x0000000000011c20       0xa8 /opt/devkitpro/devkitA64/bin/../lib/gcc/aarch64-none-elf/15.1.0/../../../../aarch64-none-elf/lib/pic/libg.a(libc_a-strtok_r.o)
                0x0000000000011c20                __strtok_r
 *fill*         0x0000000000011cc8       0x18 
 .text.close    0x0000000000011ce0       0x1c /opt/devkitpro/devkitA64/bin/../lib/gcc/aarch64-none-elf/15.1.0/../../../../aarch64-none-elf/lib/pic/libg.a(libc_a-sysclose.o)
                0x0000000000011ce0                close
 *fill*         0x0000000000011cfc        0x4 
 .text.strncpy  0x0000000000011d00       0xac /opt/devkitpro/devkitA64/bin/../lib/gcc/aarch64-none-elf/15.1.0/../../../../aarch64-none-elf/lib/pic/libg.a(libc_a-strncpy.o)
                0x0000000000011d00                strncpy
 *fill*         0x0000000000011dac       0x14 
 .text.__sfvwrite_r
                0x0000000000011dc0      0x4a4 /opt/devkitpro/devkitA64/bin/../lib/gcc/aarch64-none-elf/15.1.0/../../../../aarch64-none-elf/lib/pic/libg.a(libc_a-fvwrite.o)
                0x0000000000011dc0                __sfvwrite_r
 *fill*         0x0000000000012264       0x1c 
 .text.__sread  0x0000000000012280       0x4c /opt/devkitpro/devkitA64/bin/../lib/gcc/aarch64-none-elf/15.1.0/../../../../aarch64-none-elf/lib/pic/libg.a(libc_a-stdio.o)
                0x0000000000012280                __sread
 *fill*         0x00000000000122cc       0x14 
 .text.__swrite
                0x00000000000122e0       0x70 /opt/devkitpro/devkitA64/bin/../lib/gcc/aarch64-none-elf/15.1.0/../../../../aarch64-none-elf/lib/pic/libg.a(libc_a-stdio.o)
                0x00000000000122e0                __swrite
 *fill*         0x0000000000012350       0x10 
 .text.__sseek  0x0000000000012360       0x50 /opt/devkitpro/devkitA64/bin/../lib/gcc/aarch64-none-elf/15.1.0/../../../../aarch64-none-elf/lib/pic/libg.a(libc_a-stdio.o)
                0x0000000000012360                __sseek
 *fill*         0x00000000000123b0       0x10 
 .text.__sclose
                0x00000000000123c0        0x8 /opt/devkitpro/devkitA64/bin/../lib/gcc/aarch64-none-elf/15.1.0/../../../../aarch64-none-elf/lib/pic/libg.a(libc_a-stdio.o)
                0x00000000000123c0                __sclose
 *fill*         0x00000000000123c8       0x18 
 .text._fclose_r
                0x00000000000123e0      0x130 /opt/devkitpro/devkitA64/bin/../lib/gcc/aarch64-none-elf/15.1.0/../../../../aarch64-none-elf/lib/pic/libg.a(libc_a-fclose.o)
                0x00000000000123e0                _fclose_r
 *fill*         0x0000000000012510       0x10 
 .text._memalign_r
                0x0000000000012520      0x18c /opt/devkitpro/devkitA64/bin/../lib/gcc/aarch64-none-elf/15.1.0/../../../../aarch64-none-elf/lib/pic/libg.a(libc_a-malignr.o)
                0x0000000000012520                _memalign_r
 *fill*         0x00000000000126ac       0x14 
 .text          0x00000000000126c0       0xdc /opt/devkitpro/devkitA64/bin/../lib/gcc/aarch64-none-elf/15.1.0/../../../../aarch64-none-elf/lib/pic/libg.a(libc_a-memchr.o)
                0x00000000000126c0                memchr
 *fill*         0x000000000001279c        0x4 
 .text._putc_r  0x00000000000127a0       0xe4 /opt/devkitpro/devkitA64/bin/../lib/gcc/aarch64-none-elf/15.1.0/../../../../aarch64-none-elf/lib/pic/libg.a(libc_a-putc.o)
                0x00000000000127a0                _putc_r
 *fill*         0x0000000000012884       0x3c 
 .text          0x00000000000128c0       0xcc /opt/devkitpro/devkitA64/bin/../lib/gcc/aarch64-none-elf/15.1.0/../../../../aarch64-none-elf/lib/pic/libg.a(libc_a-strchr.o)
                0x00000000000128c0                strchr
 .text.get_arg  0x000000000001298c      0x790 /opt/devkitpro/devkitA64/bin/../lib/gcc/aarch64-none-elf/15.1.0/../../../../aarch64-none-elf/lib/pic/libg.a(libc_a-vfprintf.o)
 .text._vfprintf_r
                0x000000000001311c     0x3bd4 /opt/devkitpro/devkitA64/bin/../lib/gcc/aarch64-none-elf/15.1.0/../../../../aarch64-none-elf/lib/pic/libg.a(libc_a-vfprintf.o)
                0x000000000001311c                _vfprintf_r
 .text.__sbprintf
                0x0000000000016cf0       0xd0 /opt/devkitpro/devkitA64/bin/../lib/gcc/aarch64-none-elf/15.1.0/../../../../aarch64-none-elf/lib/pic/libg.a(libc_a-vfprintf.o)
 .text.quorem   0x0000000000016dc0      0x1a4 /opt/devkitpro/devkitA64/bin/../lib/gcc/aarch64-none-elf/15.1.0/../../../../aarch64-none-elf/lib/pic/libg.a(libc_a-dtoa.o)
 *fill*         0x0000000000016f64       0x1c 
 .text._dtoa_r  0x0000000000016f80     0x1320 /opt/devkitpro/devkitA64/bin/../lib/gcc/aarch64-none-elf/15.1.0/../../../../aarch64-none-elf/lib/pic/libg.a(libc_a-dtoa.o)
                0x0000000000016f80                _dtoa_r
 .text._wcrtomb_r
                0x00000000000182a0       0xd0 /opt/devkitpro/devkitA64/bin/../lib/gcc/aarch64-none-elf/15.1.0/../../../../aarch64-none-elf/lib/pic/libg.a(libc_a-wcrtomb.o)
                0x00000000000182a0                _wcrtomb_r
 *fill*         0x0000000000018370       0x10 
 .text.__libc_fini_array
                0x0000000000018380       0x44 /opt/devkitpro/devkitA64/bin/../lib/gcc/aarch64-none-elf/15.1.0/../../../../aarch64-none-elf/lib/pic/libg.a(libc_a-fini.o)
                0x0000000000018380                __libc_fini_array
 *fill*         0x00000000000183c4       0x1c 
 .text._wcsrtombs_r
                0x00000000000183e0       0x10 /opt/devkitpro/devkitA64/bin/../lib/gcc/aarch64-none-elf/15.1.0/../../../../aarch64-none-elf/lib/pic/libg.a(libc_a-wcsrtombs.o)
                0x00000000000183e0                _wcsrtombs_r
 *fill*         0x00000000000183f0       0x10 
 .text.__swsetup_r
                0x0000000000018400      0x12c /opt/devkitpro/devkitA64/bin/../lib/gcc/aarch64-none-elf/15.1.0/../../../../aarch64-none-elf/lib/pic/libg.a(libc_a-wsetup.o)
                0x0000000000018400                __swsetup_r
 *fill*         0x000000000001852c       0x14 
 .text.frexp    0x0000000000018540       0x7c /opt/devkitpro/devkitA64/bin/../lib/gcc/aarch64-none-elf/15.1.0/../../../../aarch64-none-elf/lib/pic/libg.a(libm_a-s_frexp.o)
                0x0000000000018540                frexp
 *fill*         0x00000000000185bc        0x4 
 .text.__assert_func
                0x00000000000185c0       0x64 /opt/devkitpro/devkitA64/bin/../lib/gcc/aarch64-none-elf/15.1.0/../../../../aarch64-none-elf/lib/pic/libg.a(libc_a-assert.o)
                0x00000000000185c0                __assert_func
 *fill*         0x0000000000018624       0x1c 
 .text._Balloc  0x0000000000018640       0xa4 /opt/devkitpro/devkitA64/bin/../lib/gcc/aarch64-none-elf/15.1.0/../../../../aarch64-none-elf/lib/pic/libg.a(libc_a-mprec.o)
                0x0000000000018640                _Balloc
 *fill*         0x00000000000186e4       0x1c 
 .text._Bfree   0x0000000000018700       0x20 /opt/devkitpro/devkitA64/bin/../lib/gcc/aarch64-none-elf/15.1.0/../../../../aarch64-none-elf/lib/pic/libg.a(libc_a-mprec.o)
                0x0000000000018700                _Bfree
 .text.__multadd
                0x0000000000018720      0x118 /opt/devkitpro/devkitA64/bin/../lib/gcc/aarch64-none-elf/15.1.0/../../../../aarch64-none-elf/lib/pic/libg.a(libc_a-mprec.o)
                0x0000000000018720                __multadd
 *fill*         0x0000000000018838        0x8 
 .text.__hi0bits
                0x0000000000018840       0x94 /opt/devkitpro/devkitA64/bin/../lib/gcc/aarch64-none-elf/15.1.0/../../../../aarch64-none-elf/lib/pic/libg.a(libc_a-mprec.o)
                0x0000000000018840                __hi0bits
 *fill*         0x00000000000188d4        0xc 
 .text.__lo0bits
                0x00000000000188e0      0x100 /opt/devkitpro/devkitA64/bin/../lib/gcc/aarch64-none-elf/15.1.0/../../../../aarch64-none-elf/lib/pic/libg.a(libc_a-mprec.o)
                0x00000000000188e0                __lo0bits
 .text.__i2b    0x00000000000189e0       0x4c /opt/devkitpro/devkitA64/bin/../lib/gcc/aarch64-none-elf/15.1.0/../../../../aarch64-none-elf/lib/pic/libg.a(libc_a-mprec.o)
                0x00000000000189e0                __i2b
 *fill*         0x0000000000018a2c       0x14 
 .text.__multiply
                0x0000000000018a40      0x210 /opt/devkitpro/devkitA64/bin/../lib/gcc/aarch64-none-elf/15.1.0/../../../../aarch64-none-elf/lib/pic/libg.a(libc_a-mprec.o)
                0x0000000000018a40                __multiply
 *fill*         0x0000000000018c50       0x10 
 .text.__pow5mult
                0x0000000000018c60      0x104 /opt/devkitpro/devkitA64/bin/../lib/gcc/aarch64-none-elf/15.1.0/../../../../aarch64-none-elf/lib/pic/libg.a(libc_a-mprec.o)
                0x0000000000018c60                __pow5mult
 *fill*         0x0000000000018d64       0x1c 
 .text.__lshift
                0x0000000000018d80      0x174 /opt/devkitpro/devkitA64/bin/../lib/gcc/aarch64-none-elf/15.1.0/../../../../aarch64-none-elf/lib/pic/libg.a(libc_a-mprec.o)
                0x0000000000018d80                __lshift
 *fill*         0x0000000000018ef4        0xc 
 .text.__mcmp   0x0000000000018f00       0x50 /opt/devkitpro/devkitA64/bin/../lib/gcc/aarch64-none-elf/15.1.0/../../../../aarch64-none-elf/lib/pic/libg.a(libc_a-mprec.o)
                0x0000000000018f00                __mcmp
 *fill*         0x0000000000018f50       0x10 
 .text.__mdiff  0x0000000000018f60      0x1c4 /opt/devkitpro/devkitA64/bin/../lib/gcc/aarch64-none-elf/15.1.0/../../../../aarch64-none-elf/lib/pic/libg.a(libc_a-mprec.o)
                0x0000000000018f60                __mdiff
 *fill*         0x0000000000019124       0x1c 
 .text.__d2b    0x0000000000019140      0x14c /opt/devkitpro/devkitA64/bin/../lib/gcc/aarch64-none-elf/15.1.0/../../../../aarch64-none-elf/lib/pic/libg.a(libc_a-mprec.o)
                0x0000000000019140                __d2b
 *fill*         0x000000000001928c       0x14 
 .text.__locale_mb_cur_max
                0x00000000000192a0       0x2c /opt/devkitpro/devkitA64/bin/../lib/gcc/aarch64-none-elf/15.1.0/../../../../aarch64-none-elf/lib/pic/libg.a(libc_a-locale.o)
                0x00000000000192a0                __locale_mb_cur_max
 *fill*         0x00000000000192cc       0x14 
 .text.fiprintf
                0x00000000000192e0       0x80 /opt/devkitpro/devkitA64/bin/../lib/gcc/aarch64-none-elf/15.1.0/../../../../aarch64-none-elf/lib/pic/libg.a(libc_a-fiprintf.o)
                0x00000000000192e0                fiprintf
 .text.__swbuf_r
                0x0000000000019360      0x118 /opt/devkitpro/devkitA64/bin/../lib/gcc/aarch64-none-elf/15.1.0/../../../../aarch64-none-elf/lib/pic/libg.a(libc_a-wbuf.o)
                0x0000000000019360                __swbuf_r
 *fill*         0x0000000000019478        0x8 
 .text._wcsnrtombs_l
                0x0000000000019480      0x188 /opt/devkitpro/devkitA64/bin/../lib/gcc/aarch64-none-elf/15.1.0/../../../../aarch64-none-elf/lib/pic/libg.a(libc_a-wcsnrtombs.o)
                0x0000000000019480                _wcsnrtombs_l
 *fill*         0x0000000000019608       0x18 
 .text._wcsnrtombs_r
                0x0000000000019620       0x54 /opt/devkitpro/devkitA64/bin/../lib/gcc/aarch64-none-elf/15.1.0/../../../../aarch64-none-elf/lib/pic/libg.a(libc_a-wcsnrtombs.o)
                0x0000000000019620                _wcsnrtombs_r
 *fill*         0x0000000000019674        0xc 
 .text.__utf8_mbtowc
                0x0000000000019680      0x2dc /opt/devkitpro/devkitA64/bin/../lib/gcc/aarch64-none-elf/15.1.0/../../../../aarch64-none-elf/lib/pic/libg.a(libc_a-mbtowc_r.o)
                0x0000000000019680                __utf8_mbtowc
 *fill*         0x000000000001995c        0x4 
 .text.__sprint_r
                0x0000000000019960       0x38 /opt/devkitpro/devkitA64/bin/../lib/gcc/aarch64-none-elf/15.1.0/../../../../aarch64-none-elf/lib/pic/libg.a(libc_a-sprint_r.o)
                0x0000000000019960                __sprint_r
 *fill*         0x0000000000019998        0x8 
 .text.abort    0x00000000000199a0       0x18 /opt/devkitpro/devkitA64/bin/../lib/gcc/aarch64-none-elf/15.1.0/../../../../aarch64-none-elf/lib/pic/libg.a(libc_a-abort.o)
                0x00000000000199a0                abort
 *fill*         0x00000000000199b8        0x8 
 .text.__localeconv_l
                0x00000000000199c0        0x8 /opt/devkitpro/devkitA64/bin/../lib/gcc/aarch64-none-elf/15.1.0/../../../../aarch64-none-elf/lib/pic/libg.a(libc_a-localeconv.o)
                0x00000000000199c0                __localeconv_l
 *fill*         0x00000000000199c8       0x18 
 .text._localeconv_r
                0x00000000000199e0       0x28 /opt/devkitpro/devkitA64/bin/../lib/gcc/aarch64-none-elf/15.1.0/../../../../aarch64-none-elf/lib/pic/libg.a(libc_a-localeconv.o)
                0x00000000000199e0                _localeconv_r
 *fill*         0x0000000000019a08       0x18 
 .text.__swhatbuf_r
                0x0000000000019a20       0xb0 /opt/devkitpro/devkitA64/bin/../lib/gcc/aarch64-none-elf/15.1.0/../../../../aarch64-none-elf/lib/pic/libg.a(libc_a-makebuf.o)
                0x0000000000019a20                __swhatbuf_r
 *fill*         0x0000000000019ad0       0x10 
 .text.__smakebuf_r
                0x0000000000019ae0       0xe8 /opt/devkitpro/devkitA64/bin/../lib/gcc/aarch64-none-elf/15.1.0/../../../../aarch64-none-elf/lib/pic/libg.a(libc_a-makebuf.o)
                0x0000000000019ae0                __smakebuf_r
 *fill*         0x0000000000019bc8       0x18 
 .text.__utf8_wctomb
                0x0000000000019be0       0xe0 /opt/devkitpro/devkitA64/bin/../lib/gcc/aarch64-none-elf/15.1.0/../../../../aarch64-none-elf/lib/pic/libg.a(libc_a-wctomb_r.o)
                0x0000000000019be0                __utf8_wctomb
 .text._raise_r
                0x0000000000019cc0       0x9c /opt/devkitpro/devkitA64/bin/../lib/gcc/aarch64-none-elf/15.1.0/../../../../aarch64-none-elf/lib/pic/libg.a(libc_a-signal.o)
                0x0000000000019cc0                _raise_r
 *fill*         0x0000000000019d5c        0x4 
 .text.raise    0x0000000000019d60       0x1c /opt/devkitpro/devkitA64/bin/../lib/gcc/aarch64-none-elf/15.1.0/../../../../aarch64-none-elf/lib/pic/libg.a(libc_a-signal.o)
                0x0000000000019d60                raise
 .text.get_arg  0x0000000000019d7c      0x790 /opt/devkitpro/devkitA64/bin/../lib/gcc/aarch64-none-elf/15.1.0/../../../../aarch64-none-elf/lib/pic/libg.a(libc_a-vfiprintf.o)
 .text._vfiprintf_r
                0x000000000001a50c     0x2964 /opt/devkitpro/devkitA64/bin/../lib/gcc/aarch64-none-elf/15.1.0/../../../../aarch64-none-elf/lib/pic/libg.a(libc_a-vfiprintf.o)
                0x000000000001a50c                _vfiprintf_r
 .text.__sbprintf
                0x000000000001ce70       0xd0 /opt/devkitpro/devkitA64/bin/../lib/gcc/aarch64-none-elf/15.1.0/../../../../aarch64-none-elf/lib/pic/libg.a(libc_a-vfiprintf.o)
 .text._exit    0x000000000001cf40       0x20 /opt/devkitpro/devkitA64/bin/../lib/gcc/aarch64-none-elf/15.1.0/../../../../aarch64-none-elf/lib/pic/libsysbase.a(libsysbase_libsysbase_a-_exit.o)
                0x000000000001cf40                _exit
 .text._fstat_r
                0x000000000001cf60       0x9c /opt/devkitpro/devkitA64/bin/../lib/gcc/aarch64-none-elf/15.1.0/../../../../aarch64-none-elf/lib/pic/libsysbase.a(libsysbase_libsysbase_a-fstat.o)
                0x000000000001cf60                _fstat_r
 *fill*         0x000000000001cffc        0x4 
 .text._getpid_r
                0x000000000001d000       0x10 /opt/devkitpro/devkitA64/bin/../lib/gcc/aarch64-none-elf/15.1.0/../../../../aarch64-none-elf/lib/pic/libsysbase.a(libsysbase_libsysbase_a-getpid.o)
                0x000000000001d000                _getpid_r
 *fill*         0x000000000001d010       0x10 
 .text.__getreent
                0x000000000001d020       0x20 /opt/devkitpro/devkitA64/bin/../lib/gcc/aarch64-none-elf/15.1.0/../../../../aarch64-none-elf/lib/pic/libsysbase.a(libsysbase_libsysbase_a-getreent.o)
                0x000000000001d020                __getreent
 .text.__release_handle
                0x000000000001d040       0xa0 /opt/devkitpro/devkitA64/bin/../lib/gcc/aarch64-none-elf/15.1.0/../../../../aarch64-none-elf/lib/pic/libsysbase.a(libsysbase_libsysbase_a-handle_manager.o)
                0x000000000001d040                __release_handle
 .text.__alloc_handle
                0x000000000001d0e0      0x130 /opt/devkitpro/devkitA64/bin/../lib/gcc/aarch64-none-elf/15.1.0/../../../../aarch64-none-elf/lib/pic/libsysbase.a(libsysbase_libsysbase_a-handle_manager.o)
                0x000000000001d0e0                __alloc_handle
 *fill*         0x000000000001d210       0x10 
 .text.__get_handle
                0x000000000001d220       0x60 /opt/devkitpro/devkitA64/bin/../lib/gcc/aarch64-none-elf/15.1.0/../../../../aarch64-none-elf/lib/pic/libsysbase.a(libsysbase_libsysbase_a-handle_manager.o)
                0x000000000001d220                __get_handle
 .text.dup2     0x000000000001d280      0x13c /opt/devkitpro/devkitA64/bin/../lib/gcc/aarch64-none-elf/15.1.0/../../../../aarch64-none-elf/lib/pic/libsysbase.a(libsysbase_libsysbase_a-handle_manager.o)
                0x000000000001d280                dup2
 *fill*         0x000000000001d3bc        0x4 
 .text._close_r
                0x000000000001d3c0       0xf4 /opt/devkitpro/devkitA64/bin/../lib/gcc/aarch64-none-elf/15.1.0/../../../../aarch64-none-elf/lib/pic/libsysbase.a(libsysbase_libsysbase_a-handle_manager.o)
                0x000000000001d3c0                _close_r
 *fill*         0x000000000001d4b4        0xc 
 .text.null_write
                0x000000000001d4c0        0x8 /opt/devkitpro/devkitA64/bin/../lib/gcc/aarch64-none-elf/15.1.0/../../../../aarch64-none-elf/lib/pic/libsysbase.a(libsysbase_libsysbase_a-iosupport.o)
 *fill*         0x000000000001d4c8       0x18 
 .text.FindDevice
                0x000000000001d4e0      0x110 /opt/devkitpro/devkitA64/bin/../lib/gcc/aarch64-none-elf/15.1.0/../../../../aarch64-none-elf/lib/pic/libsysbase.a(libsysbase_libsysbase_a-iosupport.o)
                0x000000000001d4e0                FindDevice
 *fill*         0x000000000001d5f0       0x10 
 .text.RemoveDevice
                0x000000000001d600       0x34 /opt/devkitpro/devkitA64/bin/../lib/gcc/aarch64-none-elf/15.1.0/../../../../aarch64-none-elf/lib/pic/libsysbase.a(libsysbase_libsysbase_a-iosupport.o)
                0x000000000001d600                RemoveDevice
 *fill*         0x000000000001d634        0xc 
 .text.AddDevice
                0x000000000001d640       0xc4 /opt/devkitpro/devkitA64/bin/../lib/gcc/aarch64-none-elf/15.1.0/../../../../aarch64-none-elf/lib/pic/libsysbase.a(libsysbase_libsysbase_a-iosupport.o)
                0x000000000001d640                AddDevice
 *fill*         0x000000000001d704       0x1c 
 .text._isatty_r
                0x000000000001d720        0x8 /opt/devkitpro/devkitA64/bin/../lib/gcc/aarch64-none-elf/15.1.0/../../../../aarch64-none-elf/lib/pic/libsysbase.a(libsysbase_libsysbase_a-isatty.o)
                0x000000000001d720                _isatty_r
 *fill*         0x000000000001d728       0x18 
 .text._kill_r  0x000000000001d740       0x10 /opt/devkitpro/devkitA64/bin/../lib/gcc/aarch64-none-elf/15.1.0/../../../../aarch64-none-elf/lib/pic/libsysbase.a(libsysbase_libsysbase_a-kill.o)
                0x000000000001d740                _kill_r
 *fill*         0x000000000001d750       0x10 
 .text._lseek_r
                0x000000000001d760       0xa0 /opt/devkitpro/devkitA64/bin/../lib/gcc/aarch64-none-elf/15.1.0/../../../../aarch64-none-elf/lib/pic/libsysbase.a(libsysbase_libsysbase_a-lseek.o)
                0x000000000001d760                _lseek_r
 .text._read_r  0x000000000001d800       0xb0 /opt/devkitpro/devkitA64/bin/../lib/gcc/aarch64-none-elf/15.1.0/../../../../aarch64-none-elf/lib/pic/libsysbase.a(libsysbase_libsysbase_a-read.o)
                0x000000000001d800                _read_r
 *fill*         0x000000000001d8b0       0x10 
 .text._sbrk_r  0x000000000001d8c0       0x78 /opt/devkitpro/devkitA64/bin/../lib/gcc/aarch64-none-elf/15.1.0/../../../../aarch64-none-elf/lib/pic/libsysbase.a(libsysbase_libsysbase_a-sbrk.o)
                0x000000000001d8c0                _sbrk_r
 *fill*         0x000000000001d938        0x8 
 .text.__libc_lock_acquire
                0x000000000001d940       0x14 /opt/devkitpro/devkitA64/bin/../lib/gcc/aarch64-none-elf/15.1.0/../../../../aarch64-none-elf/lib/pic/libsysbase.a(libsysbase_libsysbase_a-syscall_support.o)
                0x000000000001d940                __libc_lock_acquire
 *fill*         0x000000000001d954        0xc 
 .text.__libc_lock_release
                0x000000000001d960       0x14 /opt/devkitpro/devkitA64/bin/../lib/gcc/aarch64-none-elf/15.1.0/../../../../aarch64-none-elf/lib/pic/libsysbase.a(libsysbase_libsysbase_a-syscall_support.o)
                0x000000000001d960                __libc_lock_release
 *fill*         0x000000000001d974        0xc 
 .text.__libc_lock_acquire_recursive
                0x000000000001d980       0x14 /opt/devkitpro/devkitA64/bin/../lib/gcc/aarch64-none-elf/15.1.0/../../../../aarch64-none-elf/lib/pic/libsysbase.a(libsysbase_libsysbase_a-syscall_support.o)
                0x000000000001d980                __libc_lock_acquire_recursive
 *fill*         0x000000000001d994        0xc 
 .text.__libc_lock_release_recursive
                0x000000000001d9a0       0x14 /opt/devkitpro/devkitA64/bin/../lib/gcc/aarch64-none-elf/15.1.0/../../../../aarch64-none-elf/lib/pic/libsysbase.a(libsysbase_libsysbase_a-syscall_support.o)
                0x000000000001d9a0                __libc_lock_release_recursive
 *fill*         0x000000000001d9b4        0xc 
 .text._write_r
                0x000000000001d9c0       0xb0 /opt/devkitpro/devkitA64/bin/../lib/gcc/aarch64-none-elf/15.1.0/../../../../aarch64-none-elf/lib/pic/libsysbase.a(libsysbase_libsysbase_a-write.o)
                0x000000000001d9c0                _write_r
 *fill*         0x000000000001da70       0x10 
 .text.__trunctfdf2
                0x000000000001da80      0x380 /opt/devkitpro/devkitA64/bin/../lib/gcc/aarch64-none-elf/15.1.0/pic/libgcc.a(trunctfdf2.o)
                0x000000000001da80                __trunctfdf2
                0x000000000001de00                . = ALIGN (0x8)

.init           0x000000000001de00       0x38
 *(.init)
 .init          0x000000000001de00       0x18 /opt/devkitpro/devkitA64/bin/../lib/gcc/aarch64-none-elf/15.1.0/pic/crti.o
                0x000000000001de00                _init
 .init          0x000000000001de18       0x1c /opt/devkitpro/devkitA64/bin/../lib/gcc/aarch64-none-elf/15.1.0/pic/crtn.o
                0x000000000001de38                . = ALIGN (0x8)
 *fill*         0x000000000001de34        0x4 

.plt            0x000000000001de38        0x0
 *(.plt)
 .plt           0x000000000001de38        0x0 /opt/devkitpro/devkitA64/bin/../lib/gcc/aarch64-none-elf/15.1.0/pic/crti.o
 *(.iplt)
                0x000000000001de38                . = ALIGN (0x8)

.fini           0x000000000001de38       0x38
 *(.fini)
 .fini          0x000000000001de38       0x18 /opt/devkitpro/devkitA64/bin/../lib/gcc/aarch64-none-elf/15.1.0/pic/crti.o
                0x000000000001de38                _fini
 .fini          0x000000000001de50       0x1c /opt/devkitpro/devkitA64/bin/../lib/gcc/aarch64-none-elf/15.1.0/pic/crtn.o
                0x000000000001de70                . = ALIGN (0x8)
 *fill*         0x000000000001de6c        0x4 
                0x000000000001e000                . = ALIGN (0x1000)
                [!provide]                        PROVIDE (__rodata_start = .)

.nx-module-name
                0x000000000001e000       0x14
 *(.nx-module-name)
 .nx-module-name
                0x000000000001e000       0x14 /opt/devkitpro/devkitA64/bin/../lib/gcc/aarch64-none-elf/15.1.0/pic/crti.o

.rela.dyn       0x000000000001e018        0x0
 *(.rela.*)
 .rela.got      0x000000000001e018        0x0 /opt/devkitpro/devkitA64/bin/../lib/gcc/aarch64-none-elf/15.1.0/pic/crti.o
 .rela.plt      0x000000000001e018        0x0 /opt/devkitpro/devkitA64/bin/../lib/gcc/aarch64-none-elf/15.1.0/pic/crti.o
 .rela.bss      0x000000000001e018        0x0 /opt/devkitpro/devkitA64/bin/../lib/gcc/aarch64-none-elf/15.1.0/pic/crti.o
 .rela.data.rel.ro
                0x000000000001e018        0x0 /opt/devkitpro/devkitA64/bin/../lib/gcc/aarch64-none-elf/15.1.0/pic/crti.o
 .rela.init_array
                0x000000000001e018        0x0 /opt/devkitpro/devkitA64/bin/../lib/gcc/aarch64-none-elf/15.1.0/pic/crti.o
 .rela.fini_array
                0x000000000001e018        0x0 /opt/devkitpro/devkitA64/bin/../lib/gcc/aarch64-none-elf/15.1.0/pic/crti.o
 .rela.ifunc    0x000000000001e018        0x0 /opt/devkitpro/devkitA64/bin/../lib/gcc/aarch64-none-elf/15.1.0/pic/crti.o
 .rela.data.rel.ro.local.servarray.0
                0x000000000001e018        0x0 /opt/devkitpro/devkitA64/bin/../lib/gcc/aarch64-none-elf/15.1.0/pic/crti.o
 .rela.data.rel.ro.local.g_socketDevoptab
                0x000000000001e018        0x0 /opt/devkitpro/devkitA64/bin/../lib/gcc/aarch64-none-elf/15.1.0/pic/crti.o
 .rela.data.rel.__sglue
                0x000000000001e018        0x0 /opt/devkitpro/devkitA64/bin/../lib/gcc/aarch64-none-elf/15.1.0/pic/crti.o
 .rela.data.rel.__malloc_av_
                0x000000000001e018        0x0 /opt/devkitpro/devkitA64/bin/../lib/gcc/aarch64-none-elf/15.1.0/pic/crti.o
 .rela.data.rel._impure_ptr
                0x000000000001e018        0x0 /opt/devkitpro/devkitA64/bin/../lib/gcc/aarch64-none-elf/15.1.0/pic/crti.o
 .rela.data.rel._impure_data
                0x000000000001e018        0x0 /opt/devkitpro/devkitA64/bin/../lib/gcc/aarch64-none-elf/15.1.0/pic/crti.o
 .rela.data.rel.__global_locale
                0x000000000001e018        0x0 /opt/devkitpro/devkitA64/bin/../lib/gcc/aarch64-none-elf/15.1.0/pic/crti.o
 .rela.data.rel.local.handles
                0x000000000001e018        0x0 /opt/devkitpro/devkitA64/bin/../lib/gcc/aarch64-none-elf/15.1.0/pic/crti.o
 .rela.data.rel.devoptab_list
                0x000000000001e018        0x0 /opt/devkitpro/devkitA64/bin/../lib/gcc/aarch64-none-elf/15.1.0/pic/crti.o
 .rela.data.rel.ro.local.dotab_stdnull
                0x000000000001e018        0x0 /opt/devkitpro/devkitA64/bin/../lib/gcc/aarch64-none-elf/15.1.0/pic/crti.o

.relr.dyn       0x000000000001e018       0x68
 *(.relr.*)
 .relr.dyn      0x000000000001e018       0x68 /opt/devkitpro/devkitA64/bin/../lib/gcc/aarch64-none-elf/15.1.0/pic/crti.o

.hash           0x000000000001e080       0x18
 *(.hash)
 .hash          0x000000000001e080       0x18 /opt/devkitpro/devkitA64/bin/../lib/gcc/aarch64-none-elf/15.1.0/pic/crti.o

.gnu.hash
 *(.gnu.hash)

.dynsym         0x000000000001e098       0x48
 *(.dynsym)
 .dynsym        0x000000000001e098       0x48 /opt/devkitpro/devkitA64/bin/../lib/gcc/aarch64-none-elf/15.1.0/pic/crti.o

.dynstr         0x000000000001e0e0        0x1
 *(.dynstr)
 .dynstr        0x000000000001e0e0        0x1 /opt/devkitpro/devkitA64/bin/../lib/gcc/aarch64-none-elf/15.1.0/pic/crti.o

.rodata         0x000000000001e0f0     0x11e0
 *(.rodata .rodata.* .gnu.linkonce.r.*)
 .rodata.str1.8
                0x000000000001e0f0      0x8d0 args.o
                                          0x4 (size before relaxing)
 .rodata.str1.8
                0x000000000001e9c0      0x228 commands.o
 .rodata.cst16  0x000000000001e9c0       0x70 commands.o
                                         0x10 (size before relaxing)
 .rodata.str1.8
                0x000000000001ea30        0x5 freeze.o
 .rodata.str1.8
                0x000000000001ea30      0x49d main.o
 .rodata.cst16  0x000000000001ea30       0x10 main.o
 .rodata.str1.8
                0x000000000001ea30       0x5f util.o
 .rodata.cst16  0x000000000001ea30       0x10 util.o
 .rodata        0x000000000001ea30       0x90 util.o
 .rodata.g_hiddbgDeviceTypeInternalTable
                0x000000000001eac0       0x58 /opt/devkitpro/libnx/lib/libnx.a(hiddbg.o)
 .rodata.str1.8
                0x000000000001eb18       0x2f /opt/devkitpro/libnx/lib/libnx.a(ns.o)
 .rodata.smInitialize.str1.8
                0x000000000001eb18        0x4 /opt/devkitpro/libnx/lib/libnx.a(sm.o)
 .rodata.envSetup
                0x000000000001eb18       0x11 /opt/devkitpro/libnx/lib/libnx.a(env.o)
 *fill*         0x000000000001eb29        0x7 
 .rodata.g_nacpLanguageTable
                0x000000000001eb30       0x3c /opt/devkitpro/libnx/lib/libnx.a(nacp.o)
 .rodata._socketGetFd.str1.8
                0x000000000001eb6c        0x4 /opt/devkitpro/libnx/lib/libnx.a(socket.o)
 .rodata._socketOpen.str1.8
                0x000000000001eb6c        0x5 /opt/devkitpro/libnx/lib/libnx.a(socket.o)
 *fill*         0x000000000001eb6c        0x4 
 .rodata.g_defaultSocketInitConfig
                0x000000000001eb70       0x24 /opt/devkitpro/libnx/lib/libnx.a(socket.o)
 *fill*         0x000000000001eb94        0x4 
 .rodata.g_defaultBsdInitConfig
                0x000000000001eb98       0x38 /opt/devkitpro/libnx/lib/libnx.a(bsd.o)
 .rodata        0x000000000001ebd0        0x8 /opt/devkitpro/libnx/lib/libnx.a(bsd.o)
 .rodata.nxlinkSetup.str1.8
                0x000000000001ebd8        0x9 /opt/devkitpro/libnx/lib/libnx.a(nxlink.o)
 *fill*         0x000000000001ebd8        0x8 